Archive member included to satisfy reference by file (symbol)

/opt/devkitpro/libctru/lib/libctrud.a(synchronization.o)
                              main.o (__sync_init)
/opt/devkitpro/libctru/lib/libctrud.a(srv.o)
                              main.o (srvInit)
/opt/devkitpro/libctru/lib/libctrud.a(pxipm.o)
                              main.o (pxiPmInit)
/opt/devkitpro/libctru/lib/libctrud.a(srvpm.o)
                              /opt/devkitpro/libctru/lib/libctrud.a(srv.o) (srvPmGetSessionHandle)
/opt/devkitpro/libctru/lib/libctrud.a(fsreg.o)
                              main.o (fsRegInit)
/opt/devkitpro/libctru/lib/libctrud.a(fs.o)
                              bps_patcher.o (fsMakePath)
/opt/devkitpro/libctru/lib/libctrud.a(utf8_to_utf16.o)
                              hbldr.o (utf8_to_utf16)
/opt/devkitpro/libctru/lib/libctrud.a(decode_utf8.o)
                              /opt/devkitpro/libctru/lib/libctrud.a(utf8_to_utf16.o) (decode_utf8)
/opt/devkitpro/libctru/lib/libctrud.a(initArgv.o)
                              /opt/devkitpro/devkitARM/bin/../lib/gcc/arm-none-eabi/13.2.0/../../../../arm-none-eabi/lib/armv6k/fpu/3dsx_crt0.o (__system_argc)
/opt/devkitpro/libctru/lib/libctrud.a(svc.o)
                              bps_patcher.o (svcControlMemory)
/opt/devkitpro/libctru/lib/libctrud.a(env.o)
                              /opt/devkitpro/libctru/lib/libctrud.a(srv.o) (envGetHandle)
/opt/devkitpro/libctru/lib/libctrud.a(3dslink.o)
                              /opt/devkitpro/libctru/lib/libctrud.a(initArgv.o) (__3dslink_host)
/opt/devkitpro/libctru/lib/libctrud.a(soc_connect.o)
                              /opt/devkitpro/libctru/lib/libctrud.a(3dslink.o) (connect)
/opt/devkitpro/libctru/lib/libctrud.a(soc_socket.o)
                              /opt/devkitpro/libctru/lib/libctrud.a(3dslink.o) (socket)
/opt/devkitpro/libctru/lib/libctrud.a(soc_common.o)
                              /opt/devkitpro/libctru/lib/libctrud.a(soc_connect.o) (_net_convert_error)
/opt/devkitpro/libctru/lib/libctrud.a(encode_utf16.o)
                              /opt/devkitpro/libctru/lib/libctrud.a(utf8_to_utf16.o) (encode_utf16)
/opt/devkitpro/devkitARM/bin/../lib/gcc/arm-none-eabi/13.2.0/../../../../arm-none-eabi/lib/armv6k/fpu/libstdc++.a(eh_arm.o)
                              bps_patcher.o (__cxa_end_cleanup)
/opt/devkitpro/devkitARM/bin/../lib/gcc/arm-none-eabi/13.2.0/../../../../arm-none-eabi/lib/armv6k/fpu/libstdc++.a(eh_exception.o)
                              /opt/devkitpro/devkitARM/bin/../lib/gcc/arm-none-eabi/13.2.0/../../../../arm-none-eabi/lib/armv6k/fpu/libstdc++.a(eh_arm.o) (typeinfo for __cxxabiv1::__forced_unwind)
/opt/devkitpro/devkitARM/bin/../lib/gcc/arm-none-eabi/13.2.0/../../../../arm-none-eabi/lib/armv6k/fpu/libstdc++.a(eh_globals.o)
                              /opt/devkitpro/devkitARM/bin/../lib/gcc/arm-none-eabi/13.2.0/../../../../arm-none-eabi/lib/armv6k/fpu/libstdc++.a(eh_arm.o) (__cxa_get_globals)
/opt/devkitpro/devkitARM/bin/../lib/gcc/arm-none-eabi/13.2.0/../../../../arm-none-eabi/lib/armv6k/fpu/libstdc++.a(eh_personality.o)
                              bps_patcher.o (__gxx_personality_v0)
/opt/devkitpro/devkitARM/bin/../lib/gcc/arm-none-eabi/13.2.0/../../../../arm-none-eabi/lib/armv6k/fpu/libstdc++.a(eh_terminate.o)
                              /opt/devkitpro/devkitARM/bin/../lib/gcc/arm-none-eabi/13.2.0/../../../../arm-none-eabi/lib/armv6k/fpu/libstdc++.a(eh_arm.o) (std::terminate())
/opt/devkitpro/devkitARM/bin/../lib/gcc/arm-none-eabi/13.2.0/../../../../arm-none-eabi/lib/armv6k/fpu/libstdc++.a(eh_unex_handler.o)
                              /opt/devkitpro/devkitARM/bin/../lib/gcc/arm-none-eabi/13.2.0/../../../../arm-none-eabi/lib/armv6k/fpu/libstdc++.a(eh_terminate.o) (__cxxabiv1::__unexpected_handler)
/opt/devkitpro/devkitARM/bin/../lib/gcc/arm-none-eabi/13.2.0/../../../../arm-none-eabi/lib/armv6k/fpu/libstdc++.a(si_class_type_info.o)
                              /opt/devkitpro/devkitARM/bin/../lib/gcc/arm-none-eabi/13.2.0/../../../../arm-none-eabi/lib/armv6k/fpu/libstdc++.a(eh_exception.o) (vtable for __cxxabiv1::__si_class_type_info)
/opt/devkitpro/devkitARM/bin/../lib/gcc/arm-none-eabi/13.2.0/../../../../arm-none-eabi/lib/armv6k/fpu/libstdc++.a(tinfo.o)
                              /opt/devkitpro/devkitARM/bin/../lib/gcc/arm-none-eabi/13.2.0/../../../../arm-none-eabi/lib/armv6k/fpu/libstdc++.a(si_class_type_info.o) (std::type_info::__is_pointer_p() const)
/opt/devkitpro/devkitARM/bin/../lib/gcc/arm-none-eabi/13.2.0/../../../../arm-none-eabi/lib/armv6k/fpu/libstdc++.a(class_type_info.o)
                              /opt/devkitpro/devkitARM/bin/../lib/gcc/arm-none-eabi/13.2.0/../../../../arm-none-eabi/lib/armv6k/fpu/libstdc++.a(si_class_type_info.o) (__cxxabiv1::__class_type_info::__do_upcast(__cxxabiv1::__class_type_info const*, void**) const)
/opt/devkitpro/devkitARM/bin/../lib/gcc/arm-none-eabi/13.2.0/../../../../arm-none-eabi/lib/armv6k/fpu/libstdc++.a(del_ops.o)
[...]
Memory Configuration

Name             Origin             Length             Attributes
*default*        0x00000000         0xffffffff

Linker script and memory map

                0x00100000                        PROVIDE (__start__ = 0x100000)
                0x00100000                        . = __start__

.text           0x14000000     0xbe44
 *(.crt0)
 .crt0          0x14000000       0x94 /opt/devkitpro/devkitARM/bin/../lib/gcc/arm-none-eabi/13.2.0/../../../../arm-none-eabi/lib/armv6k/fpu/3dsx_crt0.o
                0x14000000                _start
                0x14000008                __service_ptr
                0x1400000c                __apt_appid
                0x14000010                __heap_size
                0x14000014                __linear_heap_size
                0x14000018                __system_arglist
                0x1400001c                __system_runflags
 *(.init)
 .init          0x14000094        0xc /opt/devkitpro/devkitARM/bin/../lib/gcc/arm-none-eabi/13.2.0/armv6k/fpu/crti.o
                0x14000094                _init
 .init          0x140000a0        0xc /opt/devkitpro/devkitARM/bin/../lib/gcc/arm-none-eabi/13.2.0/armv6k/fpu/crtn.o
                0x140000ac                        . = ALIGN (0x4)
 *(.text)
 .text          0x140000ac      0x1a8 /opt/devkitpro/devkitARM/bin/../lib/gcc/arm-none-eabi/13.2.0/armv6k/fpu/libgcc.a(libunwind.o)
                0x140000ac                __restore_core_regs
                0x140000ac                restore_core_regs
                0x140000c0                __gnu_Unwind_Restore_VFP
                0x140000c8                __gnu_Unwind_Save_VFP
                0x140000d0                __gnu_Unwind_Restore_VFP_D
                0x140000d8                __gnu_Unwind_Save_VFP_D
                0x140000e0                __gnu_Unwind_Restore_VFP_D_16_to_31
                0x140000e8                __gnu_Unwind_Save_VFP_D_16_to_31
                0x140000f0                __gnu_Unwind_Restore_WMMXD
                0x14000134                __gnu_Unwind_Save_WMMXD
                0x14000178                __gnu_Unwind_Restore_WMMXC
                0x1400018c                __gnu_Unwind_Save_WMMXC
                0x140001a0                ___Unwind_RaiseException
                0x140001a0                _Unwind_RaiseException
                0x140001c4                ___Unwind_Resume
                0x140001c4                _Unwind_Resume
                0x140001e8                _Unwind_Resume_or_Rethrow
                0x140001e8                ___Unwind_Resume_or_Rethrow
                0x1400020c                ___Unwind_ForcedUnwind
                0x1400020c                _Unwind_ForcedUnwind
                0x14000230                _Unwind_Backtrace
                0x14000230                ___Unwind_Backtrace
 *fill*         0x14000254        0xc 
 .text          0x14000260      0x390 /opt/devkitpro/devkitARM/bin/../lib/gcc/arm-none-eabi/13.2.0/../../../../arm-none-eabi/lib/armv6k/fpu/libg.a(libc_a-strcmp.o)
                0x14000268                strcmp
 .text          0x140005f0      0x20c /opt/devkitpro/devkitARM/bin/../lib/gcc/arm-none-eabi/13.2.0/armv6k/fpu/libgcc.a(_udivsi3.o)
                0x140005f0                __udivsi3
                0x140005f0                __aeabi_uidiv
                0x140007dc                __aeabi_uidivmod
 .text          0x140007fc        0x4 /opt/devkitpro/devkitARM/bin/../lib/gcc/arm-none-eabi/13.2.0/armv6k/fpu/libgcc.a(_dvmd_tls.o)
                0x140007fc                __aeabi_ldiv0
                0x140007fc                __aeabi_idiv0
 *(.text.*)
 .text.__do_global_dtors_aux
                0x14000800       0x40 /opt/devkitpro/devkitARM/bin/../lib/gcc/arm-none-eabi/13.2.0/armv6k/fpu/crtbegin.o
 .text.frame_dummy
                0x14000840       0x2c /opt/devkitpro/devkitARM/bin/../lib/gcc/arm-none-eabi/13.2.0/armv6k/fpu/crtbegin.o
 .text.osGetMemRegionSize
                0x1400086c       0x48 bps_patcher.o
 .text._ZN7patcher3BpsL5crc32EPKhj
                0x140008b4       0x4c bps_patcher.o
 .text.osGetMemRegionFree
                0x14000900       0x34 bps_patcher.o
 .text._ZN4util4File5CloseEv
                0x14000934       0x4c bps_patcher.o
                0x14000934                util::File::Close()
 .text._ZN4util4File4OpenEPKci
                0x14000980       0xa0 bps_patcher.o
                0x14000980                util::File::Open(char const*, int)
 .text._ZN4util4File4ReadEPvmy
                0x14000a20       0x5c bps_patcher.o
                0x14000a20                util::File::Read(void*, unsigned long, unsigned long long)
 .text._ZNK4util4File7GetSizeEv
                0x14000a7c       0x4c bps_patcher.o
                0x14000a7c                util::File::GetSize() const
 .text._ZNKSt17basic_string_viewIcSt11char_traitsIcEE7compareES2_
                0x14000ac8       0x58 bps_patcher.o
                0x14000ac8                std::basic_string_view<char, std::char_traits<char> >::compare(std::basic_string_view<char, std::char_traits<char> >) const
 .text._ZStneIcSt11char_traitsIcEEbSt17basic_string_viewIT_T0_ENSt15__type_identityIS5_E4typeE
                0x14000b20       0x70 bps_patcher.o
                0x14000b20                bool std::operator!=<char, std::char_traits<char> >(std::basic_string_view<char, std::char_traits<char> >, std::__type_identity<std::basic_string_view<char, std::char_traits<char> > >::type)
 .text._ZN7patcher13ScopedAppHeapC2Ev
                0x14000b90       0x5c bps_patcher.o
                0x14000b90                patcher::ScopedAppHeap::ScopedAppHeap()
                0x14000b90                patcher::ScopedAppHeap::ScopedAppHeap()
 .text._ZN7patcher13ScopedAppHeapD2Ev
                0x14000bec       0x38 bps_patcher.o
                0x14000bec                patcher::ScopedAppHeap::~ScopedAppHeap()
                0x14000bec                patcher::ScopedAppHeap::~ScopedAppHeap()
 .text._ZNRSt8optionalIhEdeEv
                0x14000c24        0x4 bps_patcher.o
                0x14000c24                std::optional<unsigned char>::operator*() &
 .text._ZN7patcher3Bps6StreamIKhE4ReadEPvj
                0x14000c28       0x50 bps_patcher.o
                0x14000c28                patcher::Bps::Stream<unsigned char const>::Read(void*, unsigned int)
 .text._ZN7patcher3Bps6StreamIhE8CopyFromIKhEEbRNS1_IT_EEj
                0x14000c78       0x50 bps_patcher.o
                0x14000c78                bool patcher::Bps::Stream<unsigned char>::CopyFrom<unsigned char const>(patcher::Bps::Stream<unsigned char const>&, unsigned int)
 .text._ZN7patcher3Bps12PatchApplier10SourceReadEm
                0x14000cc8       0x20 bps_patcher.o
                0x14000cc8                patcher::Bps::PatchApplier::SourceRead(unsigned long)
 .text._ZN7patcher3Bps6StreamIKhE4ReadISt5arrayIcLj4EEEESt8optionalIT_Ev
                0x14000ce8       0x54 bps_patcher.o
                0x14000ce8                std::optional<std::array<char, 4u> > patcher::Bps::Stream<unsigned char const>::Read<std::array<char, 4u> >()
 .text._ZN7patcher3Bps6StreamIKhE4ReadImEESt8optionalIT_Ev
                0x14000d3c       0x54 bps_patcher.o
                0x14000d3c                std::optional<unsigned long> patcher::Bps::Stream<unsigned char const>::Read<unsigned long>()
 .text._ZN7patcher3Bps6StreamIKhE4ReadIhEESt8optionalIT_Ev
                0x14000d90       0x64 bps_patcher.o
                0x14000d90                std::optional<unsigned char> patcher::Bps::Stream<unsigned char const>::Read<unsigned char>()
 .text._ZNKSt8optionalIhEcvbEv
                0x14000df4        0x8 bps_patcher.o
                0x14000df4                std::optional<unsigned char>::operator bool() const
 .text._ZN7patcher3Bps6StreamIKhE10ReadNumberEv
                0x14000dfc       0x60 bps_patcher.o
                0x14000dfc                patcher::Bps::Stream<unsigned char const>::ReadNumber()
 .text._ZN7patcher3Bps12PatchApplier10SourceCopyEm
                0x14000e5c       0x64 bps_patcher.o
                0x14000e5c                patcher::Bps::PatchApplier::SourceCopy(unsigned long)
 .text._ZN7patcher3Bps12PatchApplier10TargetCopyEm
                0x14000ec0       0xb0 bps_patcher.o
                0x14000ec0                patcher::Bps::PatchApplier::TargetCopy(unsigned long)
 .text._ZN7patcher3Bps12PatchApplier13HandleCommandEv
                0x14000f70       0x7c bps_patcher.o
                0x14000f70                patcher::Bps::PatchApplier::HandleCommand()
 .text._ZN7patcherL17ApplyCodeBpsPatchEyPhm
                0x14000fec      0x370 bps_patcher.o
 .text.patcherApplyCodeBpsPatch
                0x1400135c        0xc bps_patcher.o
                0x1400135c                patcherApplyCodeBpsPatch
 .text.TranslateAddr
                0x14001368       0x44 3dsx.o
 .text.Ldr_Get3dsxSize
                0x140013ac       0xe0 3dsx.o
                0x140013ac                Ldr_Get3dsxSize
 .text.Ldr_CodesetFrom3dsx
                0x1400148c      0x514 3dsx.o
                0x1400148c                Ldr_CodesetFrom3dsx
 .text.u16_strncpy
                0x140019a0       0x68 hbldr.o
 .text.panic    0x14001a08        0x4 hbldr.o
 .text.hbldrPatchExHeaderInfo
                0x14001a0c      0x248 hbldr.o
                0x14001a0c                hbldrPatchExHeaderInfo
 .text.hbldrLoadProcess
                0x14001c54      0x1ec hbldr.o
                0x14001c54                hbldrLoadProcess
 .text.hbldrHandleCommands
                0x14001e40      0x150 hbldr.o
                0x14001e40                hbldrHandleCommands
 .text.IFile_Open
                0x14001f90       0x70 ifile.o
                0x14001f90                IFile_Open
 .text.IFile_Close
                0x14002000       0x10 ifile.o
                0x14002000                IFile_Close
 .text.IFile_GetSize
                0x14002010       0x28 ifile.o
                0x14002010                IFile_GetSize
 .text.IFile_Read
                0x14002038       0xa8 ifile.o
                0x14002038                IFile_Read
 .text.IFile_ReadAt
                0x140020e0       0x30 ifile.o
                0x140020e0                IFile_ReadAt
 .text.IFile_Read2
                0x14002110       0x48 ifile.o
                0x14002110                IFile_Read2
 .text.lzss_decompress
                0x14002158       0xac loader.o
 .text.allocateProgramMemoryWrapper
                0x14002204       0x78 loader.o
 .text.InvalidateCachedCxiFile
                0x1400227c       0x5c loader.o
 .text.panic    0x140022d8        0x4 loader.o
 .text.loadCode
                0x140022dc      0x248 loader.o
 .text.IsHioId  0x14002524       0x28 loader.o
 .text.RegisterProgram
                0x1400254c      0x138 loader.o
 .text.UnregisterProgram
                0x14002684       0xac loader.o
 .text.GetProgramInfoImpl
                0x14002730      0x230 loader.o
 .text.GetProgramInfo
                0x14002960       0xac loader.o
 .text.plgldrInit
                0x14002a0c       0xbc loader.o
                0x14002a0c                plgldrInit
 .text.plgldrExit
                0x14002ac8       0x44 loader.o
                0x14002ac8                plgldrExit
 .text.PLGLDR__IsPluginLoaderEnabled
                0x14002b0c       0x44 loader.o
                0x14002b0c                PLGLDR__IsPluginLoaderEnabled
 .text.PLGLDR_LoadPlugin
                0x14002b50       0x84 loader.o
 .text.LoadProcessImpl
                0x14002bd4      0x284 loader.o
 .text.LoadProcess
                0x14002e58       0x9c loader.o
 .text.loaderHandleCommands
                0x14002ef4      0x1e4 loader.o
                0x14002ef4                loaderHandleCommands
 .text.panic    0x140030d8        0x4 main.o
 *fill*         0x140030dc        0x4 
 .text.loadCFWInfo
                0x140030e0      0x1c0 main.o
 .text.fsldrPatchPermissions
                0x140032a0       0x80 main.o
 .text.__wrap_exit
                0x14003320        0x8 main.o
                0x14003320                __wrap_exit
 .text.initSystem
                0x14003328       0xd4 main.o
                0x14003328                initSystem
 .text.main     0x140033fc       0x68 main.o
                0x140033fc                main
 .text.memsearch
                0x14003464       0xdc memory.o
                0x14003464                memsearch
 .text.needsPaslr
                0x14003540       0xe4 paslr.o
 .text.getRandomInt
                0x14003624       0x94 paslr.o
 .text.allocateProgramMemory
                0x140036b8      0x214 paslr.o
                0x140036b8                allocateProgramMemory
 .text.findFunctionStart
                0x140038cc       0x38 patcher.o
 .text.findLayeredFsSymbols
                0x14003904      0x238 patcher.o
 .text.findLayeredFsPayloadOffset
                0x14003b3c      0x284 patcher.o
 .text.fileOpen
                0x14003dc0       0x70 patcher.o
 .text.openLumaFile
                0x14003e30       0x40 patcher.o
 .text.secureInfoExists
                0x14003e70       0x68 patcher.o
 .text.loadCustomVerString
                0x14003ed8      0x1f0 patcher.o
 .text.applyCodeIpsPatch
                0x140040c8      0x328 patcher.o
 .text.loadTitleLocaleConfig
                0x140043f0      0x360 patcher.o
 .text.patchMemory
                0x14004750       0x7c patcher.o
 .text.dirCheck
                0x140047cc       0xb0 patcher.o
 .text.checkLumaDir
                0x1400487c       0x44 patcher.o
 .text.patchLayeredFs
                0x140048c0      0x4b0 patcher.o
 .text.useN3dsSettings
                0x14004d70       0xb4 patcher.o
                0x14004d70                useN3dsSettings
 .text.openSysmoduleCxi
                0x14004e24       0x88 patcher.o
                0x14004e24                openSysmoduleCxi
 *fill*         0x14004eac        0x4 
 .text.readSysmoduleCxiNcchHeader
                0x14004eb0       0x70 patcher.o
                0x14004eb0                readSysmoduleCxiNcchHeader
 .text.readSysmoduleCxiExHeaderInfo
                0x14004f20       0x7c patcher.o
                0x14004f20                readSysmoduleCxiExHeaderInfo
 .text.readSysmoduleCxiCode
                0x14004f9c      0x164 patcher.o
                0x14004f9c                readSysmoduleCxiCode
 .text.loadTitleCodeSection
                0x14005100       0xf8 patcher.o
                0x14005100                loadTitleCodeSection
 .text.loadTitleExheaderInfo
                0x140051f8      0x108 patcher.o
                0x140051f8                loadTitleExheaderInfo
 .text.patchCode
                0x14005300      0x9c0 patcher.o
                0x14005300                patchCode
 .text.ServiceManager_Run
                0x14005cc0      0x4bc service_manager.o
                0x14005cc0                ServiceManager_Run
 .text.progIdToStr
                0x1400617c       0x30 strings.o
                0x1400617c                progIdToStr
 .text.__sync_init
                0x140061ac       0x14 /opt/devkitpro/libctru/lib/libctrud.a(synchronization.o)
                0x140061ac                __sync_init
 .text.srvGetBlockingPolicy
                0x140061c0       0x3c /opt/devkitpro/libctru/lib/libctrud.a(srv.o)
 .text.srvExit  0x140061fc       0x68 /opt/devkitpro/libctru/lib/libctrud.a(srv.o)
                0x140061fc                srvExit
 .text.srvRegisterClient
                0x14006264       0x3c /opt/devkitpro/libctru/lib/libctrud.a(srv.o)
                0x14006264                srvRegisterClient
 .text.srvInit  0x140062a0       0xbc /opt/devkitpro/libctru/lib/libctrud.a(srv.o)
                0x140062a0                srvInit
 .text.srvEnableNotification
                0x1400635c       0x50 /opt/devkitpro/libctru/lib/libctrud.a(srv.o)
                0x1400635c                srvEnableNotification
 .text.srvRegisterService
                0x140063ac       0x7c /opt/devkitpro/libctru/lib/libctrud.a(srv.o)
                0x140063ac                srvRegisterService
 .text.srvUnregisterService
                0x14006428       0x58 /opt/devkitpro/libctru/lib/libctrud.a(srv.o)
                0x14006428                srvUnregisterService
 .text.srvGetServiceHandleDirect
                0x14006480       0x7c /opt/devkitpro/libctru/lib/libctrud.a(srv.o)
                0x14006480                srvGetServiceHandleDirect
 .text.srvGetServiceHandle
                0x140064fc       0x38 /opt/devkitpro/libctru/lib/libctrud.a(srv.o)
                0x140064fc                srvGetServiceHandle
 .text.srvSubscribe
                0x14006534       0x38 /opt/devkitpro/libctru/lib/libctrud.a(srv.o)
                0x14006534                srvSubscribe
 .text.srvUnsubscribe
                0x1400656c       0x38 /opt/devkitpro/libctru/lib/libctrud.a(srv.o)
                0x1400656c                srvUnsubscribe
 .text.srvReceiveNotification
                0x140065a4       0x50 /opt/devkitpro/libctru/lib/libctrud.a(srv.o)
                0x140065a4                srvReceiveNotification
 .text.pxiPmInit
                0x140065f4       0x78 /opt/devkitpro/libctru/lib/libctrud.a(pxipm.o)
                0x140065f4                pxiPmInit
 .text.PXIPM_GetProgramInfo
                0x1400666c       0x4c /opt/devkitpro/libctru/lib/libctrud.a(pxipm.o)
                0x1400666c                PXIPM_GetProgramInfo
 .text.PXIPM_RegisterProgram
                0x140066b8       0x88 /opt/devkitpro/libctru/lib/libctrud.a(pxipm.o)
                0x140066b8                PXIPM_RegisterProgram
 .text.PXIPM_UnregisterProgram
                0x14006740       0x3c /opt/devkitpro/libctru/lib/libctrud.a(pxipm.o)
                0x14006740                PXIPM_UnregisterProgram
 .text.srvPmGetSessionHandle
                0x1400677c        0xc /opt/devkitpro/libctru/lib/libctrud.a(srvpm.o)
                0x1400677c                srvPmGetSessionHandle
 .text.fsRegInit
                0x14006788       0x78 /opt/devkitpro/libctru/lib/libctrud.a(fsreg.o)
                0x14006788                fsRegInit
 .text.FSREG_Register
                0x14006800       0xa8 /opt/devkitpro/libctru/lib/libctrud.a(fsreg.o)
                0x14006800                FSREG_Register
 .text.FSREG_GetProgramInfo
                0x140068a8       0x6c /opt/devkitpro/libctru/lib/libctrud.a(fsreg.o)
                0x140068a8                FSREG_GetProgramInfo
 .text.FSREG_LoadProgram
                0x14006914       0x68 /opt/devkitpro/libctru/lib/libctrud.a(fsreg.o)
                0x14006914                FSREG_LoadProgram
 .text.FSREG_UnloadProgram
                0x1400697c       0x3c /opt/devkitpro/libctru/lib/libctrud.a(fsreg.o)
                0x1400697c                FSREG_UnloadProgram
 .text.FSREG_CheckHostLoadId
                0x140069b8       0x3c /opt/devkitpro/libctru/lib/libctrud.a(fsreg.o)
                0x140069b8                FSREG_CheckHostLoadId
 .text.fsSession
                0x140069f4       0x30 /opt/devkitpro/libctru/lib/libctrud.a(fs.o)
 .text.fsSessionForArchive
                0x14006a24       0x4c /opt/devkitpro/libctru/lib/libctrud.a(fs.o)
 .text.fsMakePath
                0x14006a70       0x90 /opt/devkitpro/libctru/lib/libctrud.a(fs.o)
                0x14006a70                fsMakePath
 .text.fsGetSessionHandle
                0x14006b00        0xc /opt/devkitpro/libctru/lib/libctrud.a(fs.o)
                0x14006b00                fsGetSessionHandle
 .text.FSUSER_OpenFileDirectly
                0x14006b0c       0xb8 /opt/devkitpro/libctru/lib/libctrud.a(fs.o)
                0x14006b0c                FSUSER_OpenFileDirectly
 .text.FSUSER_OpenDirectory
                0x14006bc4       0x70 /opt/devkitpro/libctru/lib/libctrud.a(fs.o)
                0x14006bc4                FSUSER_OpenDirectory
 .text.FSUSER_OpenArchive
                0x14006c34       0x88 /opt/devkitpro/libctru/lib/libctrud.a(fs.o)
                0x14006c34                FSUSER_OpenArchive
 .text.FSUSER_CloseArchive
                0x14006cbc       0x44 /opt/devkitpro/libctru/lib/libctrud.a(fs.o)
                0x14006cbc                FSUSER_CloseArchive
 .text.FSUSER_InitializeWithSdkVersion
                0x14006d00       0x34 /opt/devkitpro/libctru/lib/libctrud.a(fs.o)
                0x14006d00                FSUSER_InitializeWithSdkVersion
 .text.FSUSER_SetPriority
                0x14006d34       0x30 /opt/devkitpro/libctru/lib/libctrud.a(fs.o)
                0x14006d34                FSUSER_SetPriority
 .text.FSFILE_Read
                0x14006d64       0x5c /opt/devkitpro/libctru/lib/libctrud.a(fs.o)
                0x14006d64                FSFILE_Read
 .text.FSFILE_GetSize
                0x14006dc0       0x40 /opt/devkitpro/libctru/lib/libctrud.a(fs.o)
                0x14006dc0                FSFILE_GetSize
 .text.FSFILE_Close
                0x14006e00       0x3c /opt/devkitpro/libctru/lib/libctrud.a(fs.o)
                0x14006e00                FSFILE_Close
 .text.FSDIR_Close
                0x14006e3c       0x3c /opt/devkitpro/libctru/lib/libctrud.a(fs.o)
                0x14006e3c                FSDIR_Close
 .text.utf8_to_utf16
                0x14006e78       0xc0 /opt/devkitpro/libctru/lib/libctrud.a(utf8_to_utf16.o)
                0x14006e78                utf8_to_utf16
 .text.decode_utf8
                0x14006f38      0x180 /opt/devkitpro/libctru/lib/libctrud.a(decode_utf8.o)
                0x14006f38                decode_utf8
 .text.svcControlMemory
                0x140070b8       0x20 /opt/devkitpro/libctru/lib/libctrud.a(svc.o)
                0x140070b8                svcControlMemory
 .text.svcExitProcess
                0x140070d8        0x8 /opt/devkitpro/libctru/lib/libctrud.a(svc.o)
                0x140070d8                svcExitProcess
 .text.svcSleepThread
                0x140070e0        0x8 /opt/devkitpro/libctru/lib/libctrud.a(svc.o)
                0x140070e0                svcSleepThread
 .text.svcCreateAddressArbiter
                0x140070e8       0x14 /opt/devkitpro/libctru/lib/libctrud.a(svc.o)
                0x140070e8                svcCreateAddressArbiter
 .text.svcCloseHandle
                0x140070fc        0x8 /opt/devkitpro/libctru/lib/libctrud.a(svc.o)
                0x140070fc                svcCloseHandle
 .text.svcDuplicateHandle
                0x14007104       0x14 /opt/devkitpro/libctru/lib/libctrud.a(svc.o)
                0x14007104                svcDuplicateHandle
 .text.svcGetSystemTick
                0x14007118        0x8 /opt/devkitpro/libctru/lib/libctrud.a(svc.o)
                0x14007118                svcGetSystemTick
 .text.svcGetSystemInfo
                0x14007120       0x18 /opt/devkitpro/libctru/lib/libctrud.a(svc.o)
                0x14007120                svcGetSystemInfo
 .text.svcConnectToPort
                0x14007138       0x14 /opt/devkitpro/libctru/lib/libctrud.a(svc.o)
                0x14007138                svcConnectToPort
 .text.svcSendSyncRequest
                0x1400714c        0x8 /opt/devkitpro/libctru/lib/libctrud.a(svc.o)
                0x1400714c                svcSendSyncRequest
 .text.svcGetProcessId
                0x14007154       0x14 /opt/devkitpro/libctru/lib/libctrud.a(svc.o)
                0x14007154                svcGetProcessId
 .text.svcBreak
                0x14007168        0x8 /opt/devkitpro/libctru/lib/libctrud.a(svc.o)
                0x14007168                svcBreak
 .text.svcCreatePort
                0x14007170       0x20 /opt/devkitpro/libctru/lib/libctrud.a(svc.o)
                0x14007170                svcCreatePort
 .text.svcAcceptSession
                0x14007190       0x18 /opt/devkitpro/libctru/lib/libctrud.a(svc.o)
                0x14007190                svcAcceptSession
 .text.svcReplyAndReceive
                0x140071a8       0x18 /opt/devkitpro/libctru/lib/libctrud.a(svc.o)
                0x140071a8                svcReplyAndReceive
 .text.svcCreateCodeSet
                0x140071c0       0x1c /opt/devkitpro/libctru/lib/libctrud.a(svc.o)
                0x140071c0                svcCreateCodeSet
 .text.svcCreateProcess
                0x140071dc       0x18 /opt/devkitpro/libctru/lib/libctrud.a(svc.o)
                0x140071dc                svcCreateProcess
 .text.svcKernelSetState
                0x140071f4        0x8 /opt/devkitpro/libctru/lib/libctrud.a(svc.o)
                0x140071f4                svcKernelSetState
 .text.__name_cmp
                0x140071fc       0x44 /opt/devkitpro/libctru/lib/libctrud.a(env.o)
 .text.envGetHandle
                0x14007240       0x6c /opt/devkitpro/libctru/lib/libctrud.a(env.o)
                0x14007240                envGetHandle
 .text.encode_utf16
                0x140072ac       0x54 /opt/devkitpro/libctru/lib/libctrud.a(encode_utf16.o)
                0x140072ac                encode_utf16
 .text.__cxa_end_cleanup
                0x14007300       0x10 /opt/devkitpro/devkitARM/bin/../lib/gcc/arm-none-eabi/13.2.0/../../../../arm-none-eabi/lib/armv6k/fpu/libstdc++.a(eh_arm.o)
                0x14007300                __cxa_end_cleanup
 .text.__cxa_type_match
                0x14007310      0x134 /opt/devkitpro/devkitARM/bin/../lib/gcc/arm-none-eabi/13.2.0/../../../../arm-none-eabi/lib/armv6k/fpu/libstdc++.a(eh_arm.o)
                0x14007310                __cxa_type_match
 .text.__cxa_begin_cleanup
                0x14007444       0xb4 /opt/devkitpro/devkitARM/bin/../lib/gcc/arm-none-eabi/13.2.0/../../../../arm-none-eabi/lib/armv6k/fpu/libstdc++.a(eh_arm.o)
                0x14007444                __cxa_begin_cleanup
 .text.__gnu_end_cleanup
                0x140074f8       0xb4 /opt/devkitpro/devkitARM/bin/../lib/gcc/arm-none-eabi/13.2.0/../../../../arm-none-eabi/lib/armv6k/fpu/libstdc++.a(eh_arm.o)
                0x140074f8                __gnu_end_cleanup
 .text._ZNSt9exceptionD2Ev
                0x140075ac        0x4 /opt/devkitpro/devkitARM/bin/../lib/gcc/arm-none-eabi/13.2.0/../../../../arm-none-eabi/lib/armv6k/fpu/libstdc++.a(eh_exception.o)
                0x140075ac                std::exception::~exception()
                0x140075ac                std::exception::~exception()
 .text._ZNSt13bad_exceptionD2Ev
                0x140075b0        0x4 /opt/devkitpro/devkitARM/bin/../lib/gcc/arm-none-eabi/13.2.0/../../../../arm-none-eabi/lib/armv6k/fpu/libstdc++.a(eh_exception.o)
                0x140075b0                std::bad_exception::~bad_exception()
                0x140075b0                std::bad_exception::~bad_exception()
 .text._ZNKSt13bad_exception4whatEv
                0x140075b4        0xc /opt/devkitpro/devkitARM/bin/../lib/gcc/arm-none-eabi/13.2.0/../../../../arm-none-eabi/lib/armv6k/fpu/libstdc++.a(eh_exception.o)
                0x140075b4                transaction clone for std::bad_exception::what() const
                0x140075b4                std::bad_exception::what() const
 .text._ZNSt13bad_exceptionD0Ev
                0x140075c0       0x18 /opt/devkitpro/devkitARM/bin/../lib/gcc/arm-none-eabi/13.2.0/../../../../arm-none-eabi/lib/armv6k/fpu/libstdc++.a(eh_exception.o)
                0x140075c0                std::bad_exception::~bad_exception()
 .text._ZL15eh_globals_dtorPv
                0x140075d8       0x3c /opt/devkitpro/devkitARM/bin/../lib/gcc/arm-none-eabi/13.2.0/../../../../arm-none-eabi/lib/armv6k/fpu/libstdc++.a(eh_globals.o)
 .text.__cxa_get_globals_fast
                0x14007614       0x38 /opt/devkitpro/devkitARM/bin/../lib/gcc/arm-none-eabi/13.2.0/../../../../arm-none-eabi/lib/armv6k/fpu/libstdc++.a(eh_globals.o)
                0x14007614                __cxa_get_globals_fast
 .text.__cxa_get_globals
                0x1400764c       0x74 /opt/devkitpro/devkitARM/bin/../lib/gcc/arm-none-eabi/13.2.0/../../../../arm-none-eabi/lib/armv6k/fpu/libstdc++.a(eh_globals.o)
                0x1400764c                __cxa_get_globals
 .text.startup._GLOBAL__sub_I__ZN17__eh_globals_init7_S_initE
                0x140076c0       0x40 /opt/devkitpro/devkitARM/bin/../lib/gcc/arm-none-eabi/13.2.0/../../../../arm-none-eabi/lib/armv6k/fpu/libstdc++.a(eh_globals.o)
 .text.exit._GLOBAL__sub_D__ZN17__eh_globals_init7_S_initE
                0x14007700       0x34 /opt/devkitpro/devkitARM/bin/../lib/gcc/arm-none-eabi/13.2.0/../../../../arm-none-eabi/lib/armv6k/fpu/libstdc++.a(eh_globals.o)
 .text._ZL28read_encoded_value_with_basehjPKhPj
                0x14007734      0x16c /opt/devkitpro/devkitARM/bin/../lib/gcc/arm-none-eabi/13.2.0/../../../../arm-none-eabi/lib/armv6k/fpu/libstdc++.a(eh_personality.o)
 .text._ZL21base_of_encoded_valuehP15_Unwind_Context
                0x140078a0       0x58 /opt/devkitpro/devkitARM/bin/../lib/gcc/arm-none-eabi/13.2.0/../../../../arm-none-eabi/lib/armv6k/fpu/libstdc++.a(eh_personality.o)
 .text._ZL17parse_lsda_headerP15_Unwind_ContextPKhP16lsda_header_info
                0x140078f8       0xd8 /opt/devkitpro/devkitARM/bin/../lib/gcc/arm-none-eabi/13.2.0/../../../../arm-none-eabi/lib/armv6k/fpu/libstdc++.a(eh_personality.o)
 .text.__gxx_personality_v0
                0x140079d0      0x6a0 /opt/devkitpro/devkitARM/bin/../lib/gcc/arm-none-eabi/13.2.0/../../../../arm-none-eabi/lib/armv6k/fpu/libstdc++.a(eh_personality.o)
                0x140079d0                __gxx_personality_v0
 .text._ZN10__cxxabiv111__terminateEPFvvE
                0x14008070       0x14 /opt/devkitpro/devkitARM/bin/../lib/gcc/arm-none-eabi/13.2.0/../../../../arm-none-eabi/lib/armv6k/fpu/libstdc++.a(eh_terminate.o)
                0x14008070                __cxxabiv1::__terminate(void (*)())
 .text._ZSt9terminatev
                0x14008084       0x18 /opt/devkitpro/devkitARM/bin/../lib/gcc/arm-none-eabi/13.2.0/../../../../arm-none-eabi/lib/armv6k/fpu/libstdc++.a(eh_terminate.o)
                0x14008084                std::terminate()
 .text._ZN10__cxxabiv112__unexpectedEPFvvE
                0x1400809c        0xc /opt/devkitpro/devkitARM/bin/../lib/gcc/arm-none-eabi/13.2.0/../../../../arm-none-eabi/lib/armv6k/fpu/libstdc++.a(eh_terminate.o)
                0x1400809c                __cxxabiv1::__unexpected(void (*)())
 .text._ZSt10unexpectedv
                0x140080a8       0x18 /opt/devkitpro/devkitARM/bin/../lib/gcc/arm-none-eabi/13.2.0/../../../../arm-none-eabi/lib/armv6k/fpu/libstdc++.a(eh_terminate.o)
                0x140080a8                std::unexpected()
 .text._ZSt13get_terminatev
                0x140080c0       0x14 /opt/devkitpro/devkitARM/bin/../lib/gcc/arm-none-eabi/13.2.0/../../../../arm-none-eabi/lib/armv6k/fpu/libstdc++.a(eh_terminate.o)
                0x140080c0                std::get_terminate()
 .text._ZSt14get_unexpectedv
                0x140080d4       0x14 /opt/devkitpro/devkitARM/bin/../lib/gcc/arm-none-eabi/13.2.0/../../../../arm-none-eabi/lib/armv6k/fpu/libstdc++.a(eh_terminate.o)
                0x140080d4                std::get_unexpected()
 .text._ZN10__cxxabiv120__si_class_type_infoD2Ev
                0x140080e8       0x20 /opt/devkitpro/devkitARM/bin/../lib/gcc/arm-none-eabi/13.2.0/../../../../arm-none-eabi/lib/armv6k/fpu/libstdc++.a(si_class_type_info.o)
                0x140080e8                __cxxabiv1::__si_class_type_info::~__si_class_type_info()
                0x140080e8                __cxxabiv1::__si_class_type_info::~__si_class_type_info()
 .text._ZN10__cxxabiv120__si_class_type_infoD0Ev
                0x14008108       0x2c /opt/devkitpro/devkitARM/bin/../lib/gcc/arm-none-eabi/13.2.0/../../../../arm-none-eabi/lib/armv6k/fpu/libstdc++.a(si_class_type_info.o)
                0x14008108                __cxxabiv1::__si_class_type_info::~__si_class_type_info()
 .text._ZNK10__cxxabiv120__si_class_type_info12__do_dyncastEiNS_17__class_type_info10__sub_kindEPKS1_PKvS4_S6_RNS1_16__dyncast_resultE
                0x14008134      0x138 /opt/devkitpro/devkitARM/bin/../lib/gcc/arm-none-eabi/13.2.0/../../../../arm-none-eabi/lib/armv6k/fpu/libstdc++.a(si_class_type_info.o)
                0x14008134                __cxxabiv1::__si_class_type_info::__do_dyncast(int, __cxxabiv1::__class_type_info::__sub_kind, __cxxabiv1::__class_type_info const*, void const*, __cxxabiv1::__class_type_info const*, void const*, __cxxabiv1::__class_type_info::__dyncast_result&) const
 .text._ZNK10__cxxabiv120__si_class_type_info20__do_find_public_srcEiPKvPKNS_17__class_type_infoES2_
                0x1400826c       0x88 /opt/devkitpro/devkitARM/bin/../lib/gcc/arm-none-eabi/13.2.0/../../../../arm-none-eabi/lib/armv6k/fpu/libstdc++.a(si_class_type_info.o)
                0x1400826c                __cxxabiv1::__si_class_type_info::__do_find_public_src(int, void const*, __cxxabiv1::__class_type_info const*, void const*) const
 .text._ZNK10__cxxabiv120__si_class_type_info11__do_upcastEPKNS_17__class_type_infoEPKvRNS1_15__upcast_resultE
                0x140082f4       0x44 /opt/devkitpro/devkitARM/bin/../lib/gcc/arm-none-eabi/13.2.0/../../../../arm-none-eabi/lib/armv6k/fpu/libstdc++.a(si_class_type_info.o)
                0x140082f4                __cxxabiv1::__si_class_type_info::__do_upcast(__cxxabiv1::__class_type_info const*, void const*, __cxxabiv1::__class_type_info::__upcast_result&) const
 .text._ZNSt9type_infoD2Ev
                0x14008338        0x4 /opt/devkitpro/devkitARM/bin/../lib/gcc/arm-none-eabi/13.2.0/../../../../arm-none-eabi/lib/armv6k/fpu/libstdc++.a(tinfo.o)
                0x14008338                std::type_info::~type_info()
                0x14008338                std::type_info::~type_info()
 .text._ZNKSt9type_info14__is_pointer_pEv
                0x1400833c        0x8 /opt/devkitpro/devkitARM/bin/../lib/gcc/arm-none-eabi/13.2.0/../../../../arm-none-eabi/lib/armv6k/fpu/libstdc++.a(tinfo.o)
                0x1400833c                std::type_info::__is_function_p() const
                0x1400833c                std::type_info::__is_pointer_p() const
 .text._ZNK10__cxxabiv117__class_type_info11__do_upcastEPKS0_PPv
                0x14008344       0x5c /opt/devkitpro/devkitARM/bin/../lib/gcc/arm-none-eabi/13.2.0/../../../../arm-none-eabi/lib/armv6k/fpu/libstdc++.a(class_type_info.o)
                0x14008344                __cxxabiv1::__class_type_info::__do_upcast(__cxxabiv1::__class_type_info const*, void**) const
 .text._ZNK10__cxxabiv117__class_type_info20__do_find_public_srcEiPKvPKS0_S2_
                0x140083a0       0x14 /opt/devkitpro/devkitARM/bin/../lib/gcc/arm-none-eabi/13.2.0/../../../../arm-none-eabi/lib/armv6k/fpu/libstdc++.a(class_type_info.o)
                0x140083a0                __cxxabiv1::__class_type_info::__do_find_public_src(int, void const*, __cxxabiv1::__class_type_info const*, void const*) const
 .text._ZN10__cxxabiv117__class_type_infoD2Ev
                0x140083b4       0x20 /opt/devkitpro/devkitARM/bin/../lib/gcc/arm-none-eabi/13.2.0/../../../../arm-none-eabi/lib/armv6k/fpu/libstdc++.a(class_type_info.o)
                0x140083b4                __cxxabiv1::__class_type_info::~__class_type_info()
                0x140083b4                __cxxabiv1::__class_type_info::~__class_type_info()
 .text._ZN10__cxxabiv117__class_type_infoD0Ev
                0x140083d4       0x2c /opt/devkitpro/devkitARM/bin/../lib/gcc/arm-none-eabi/13.2.0/../../../../arm-none-eabi/lib/armv6k/fpu/libstdc++.a(class_type_info.o)
                0x140083d4                __cxxabiv1::__class_type_info::~__class_type_info()
 .text._ZNK10__cxxabiv117__class_type_info11__do_upcastEPKS0_PKvRNS0_15__upcast_resultE
                0x14008400       0x64 /opt/devkitpro/devkitARM/bin/../lib/gcc/arm-none-eabi/13.2.0/../../../../arm-none-eabi/lib/armv6k/fpu/libstdc++.a(class_type_info.o)
                0x14008400                __cxxabiv1::__class_type_info::__do_upcast(__cxxabiv1::__class_type_info const*, void const*, __cxxabiv1::__class_type_info::__upcast_result&) const
 .text._ZNK10__cxxabiv117__class_type_info10__do_catchEPKSt9type_infoPPvj
                0x14008464       0x7c /opt/devkitpro/devkitARM/bin/../lib/gcc/arm-none-eabi/13.2.0/../../../../arm-none-eabi/lib/armv6k/fpu/libstdc++.a(class_type_info.o)
                0x14008464                __cxxabiv1::__class_type_info::__do_catch(std::type_info const*, void**, unsigned int) const
 .text._ZNK10__cxxabiv117__class_type_info12__do_dyncastEiNS0_10__sub_kindEPKS0_PKvS3_S5_RNS0_16__dyncast_resultE
                0x140084e0       0xd4 /opt/devkitpro/devkitARM/bin/../lib/gcc/arm-none-eabi/13.2.0/../../../../arm-none-eabi/lib/armv6k/fpu/libstdc++.a(class_type_info.o)
                0x140084e0                __cxxabiv1::__class_type_info::__do_dyncast(int, __cxxabiv1::__class_type_info::__sub_kind, __cxxabiv1::__class_type_info const*, void const*, __cxxabiv1::__class_type_info const*, void const*, __cxxabiv1::__class_type_info::__dyncast_result&) const
 .text._ZdlPvj  0x140085b4        0x4 /opt/devkitpro/devkitARM/bin/../lib/gcc/arm-none-eabi/13.2.0/../../../../arm-none-eabi/lib/armv6k/fpu/libstdc++.a(del_ops.o)
                0x140085b4                operator delete(void*, unsigned int)
 .text._ZN10__cxxabiv1L24__is_gxx_exception_classEPc
                0x140085b8       0x70 /opt/devkitpro/devkitARM/bin/../lib/gcc/arm-none-eabi/13.2.0/../../../../arm-none-eabi/lib/armv6k/fpu/libstdc++.a(eh_call.o)
 .text.__cxa_call_terminate
                0x14008628       0x2c /opt/devkitpro/devkitARM/bin/../lib/gcc/arm-none-eabi/13.2.0/../../../../arm-none-eabi/lib/armv6k/fpu/libstdc++.a(eh_call.o)
                0x14008628                __cxa_call_terminate
 .text.unlikely.__cxa_call_unexpected
                0x14008654      0x150 /opt/devkitpro/devkitARM/bin/../lib/gcc/arm-none-eabi/13.2.0/../../../../arm-none-eabi/lib/armv6k/fpu/libstdc++.a(eh_call.o)
                0x14008654                __cxa_call_unexpected
 .text.__cxa_begin_catch
                0x140087a4       0xcc /opt/devkitpro/devkitARM/bin/../lib/gcc/arm-none-eabi/13.2.0/../../../../arm-none-eabi/lib/armv6k/fpu/libstdc++.a(eh_catch.o)
                0x140087a4                __cxa_begin_catch
 .text.__cxa_end_catch
                0x14008870       0xe0 /opt/devkitpro/devkitARM/bin/../lib/gcc/arm-none-eabi/13.2.0/../../../../arm-none-eabi/lib/armv6k/fpu/libstdc++.a(eh_catch.o)
                0x14008870                __cxa_end_catch
 .text._ZL23__gxx_exception_cleanup19_Unwind_Reason_CodeP21_Unwind_Control_Block
                0x14008950       0x60 /opt/devkitpro/devkitARM/bin/../lib/gcc/arm-none-eabi/13.2.0/../../../../arm-none-eabi/lib/armv6k/fpu/libstdc++.a(eh_throw.o)
 .text.__cxa_init_primary_exception
                0x140089b0       0x54 /opt/devkitpro/devkitARM/bin/../lib/gcc/arm-none-eabi/13.2.0/../../../../arm-none-eabi/lib/armv6k/fpu/libstdc++.a(eh_throw.o)
                0x140089b0                __cxa_init_primary_exception
 .text.__cxa_throw
                0x14008a04       0x54 /opt/devkitpro/devkitARM/bin/../lib/gcc/arm-none-eabi/13.2.0/../../../../arm-none-eabi/lib/armv6k/fpu/libstdc++.a(eh_throw.o)
                0x14008a04                __cxa_throw
 .text.__cxa_rethrow
                0x14008a58       0xb0 /opt/devkitpro/devkitARM/bin/../lib/gcc/arm-none-eabi/13.2.0/../../../../arm-none-eabi/lib/armv6k/fpu/libstdc++.a(eh_throw.o)
                0x14008a58                __cxa_rethrow
 .text._ZdlPv   0x14008b08        0x4 /opt/devkitpro/devkitARM/bin/../lib/gcc/arm-none-eabi/13.2.0/../../../../arm-none-eabi/lib/armv6k/fpu/libstdc++.a(del_op.o)
                0x14008b08                operator delete(void*)
 .text._ZNK9__gnu_cxx24__concurrence_lock_error4whatEv
                0x14008b0c        0xc /opt/devkitpro/devkitARM/bin/../lib/gcc/arm-none-eabi/13.2.0/../../../../arm-none-eabi/lib/armv6k/fpu/libstdc++.a(eh_alloc.o)
                0x14008b0c                __gnu_cxx::__concurrence_lock_error::what() const
 .text._ZNK9__gnu_cxx26__concurrence_unlock_error4whatEv
                0x14008b18        0xc /opt/devkitpro/devkitARM/bin/../lib/gcc/arm-none-eabi/13.2.0/../../../../arm-none-eabi/lib/armv6k/fpu/libstdc++.a(eh_alloc.o)
                0x14008b18                __gnu_cxx::__concurrence_unlock_error::what() const
 .text._ZN9__gnu_cxx24__concurrence_lock_errorD2Ev
                0x14008b24       0x20 /opt/devkitpro/devkitARM/bin/../lib/gcc/arm-none-eabi/13.2.0/../../../../arm-none-eabi/lib/armv6k/fpu/libstdc++.a(eh_alloc.o)
                0x14008b24                __gnu_cxx::__concurrence_lock_error::~__concurrence_lock_error()
                0x14008b24                __gnu_cxx::__concurrence_lock_error::~__concurrence_lock_error()
 .text._ZN9__gnu_cxx24__concurrence_lock_errorD0Ev
                0x14008b44       0x2c /opt/devkitpro/devkitARM/bin/../lib/gcc/arm-none-eabi/13.2.0/../../../../arm-none-eabi/lib/armv6k/fpu/libstdc++.a(eh_alloc.o)
                0x14008b44                __gnu_cxx::__concurrence_lock_error::~__concurrence_lock_error()
 .text._ZN9__gnu_cxx26__concurrence_unlock_errorD2Ev
                0x14008b70       0x20 /opt/devkitpro/devkitARM/bin/../lib/gcc/arm-none-eabi/13.2.0/../../../../arm-none-eabi/lib/armv6k/fpu/libstdc++.a(eh_alloc.o)
                0x14008b70                __gnu_cxx::__concurrence_unlock_error::~__concurrence_unlock_error()
                0x14008b70                __gnu_cxx::__concurrence_unlock_error::~__concurrence_unlock_error()
 .text._ZN9__gnu_cxx26__concurrence_unlock_errorD0Ev
                0x14008b90       0x2c /opt/devkitpro/devkitARM/bin/../lib/gcc/arm-none-eabi/13.2.0/../../../../arm-none-eabi/lib/armv6k/fpu/libstdc++.a(eh_alloc.o)
                0x14008b90                __gnu_cxx::__concurrence_unlock_error::~__concurrence_unlock_error()
 .text.unlikely._ZN9__gnu_cxx30__throw_concurrence_lock_errorEv
                0x14008bbc       0x2c /opt/devkitpro/devkitARM/bin/../lib/gcc/arm-none-eabi/13.2.0/../../../../arm-none-eabi/lib/armv6k/fpu/libstdc++.a(eh_alloc.o)
                0x14008bbc                __gnu_cxx::__throw_concurrence_lock_error()
 .text.unlikely._ZN9__gnu_cxx32__throw_concurrence_unlock_errorEv
                0x14008be8       0x2c /opt/devkitpro/devkitARM/bin/../lib/gcc/arm-none-eabi/13.2.0/../../../../arm-none-eabi/lib/armv6k/fpu/libstdc++.a(eh_alloc.o)
                0x14008be8                __gnu_cxx::__throw_concurrence_unlock_error()
 .text._ZN12_GLOBAL__N_14pool4freeEPv.constprop.0
                0x14008c14      0x118 /opt/devkitpro/devkitARM/bin/../lib/gcc/arm-none-eabi/13.2.0/../../../../arm-none-eabi/lib/armv6k/fpu/libstdc++.a(eh_alloc.o)
 .text._ZN12_GLOBAL__N_14pool8allocateEj.constprop.0
                0x14008d2c       0xd4 /opt/devkitpro/devkitARM/bin/../lib/gcc/arm-none-eabi/13.2.0/../../../../arm-none-eabi/lib/armv6k/fpu/libstdc++.a(eh_alloc.o)
 .text.__cxa_allocate_exception
                0x14008e00       0x44 /opt/devkitpro/devkitARM/bin/../lib/gcc/arm-none-eabi/13.2.0/../../../../arm-none-eabi/lib/armv6k/fpu/libstdc++.a(eh_alloc.o)
                0x14008e00                __cxa_allocate_exception
 .text.__cxa_free_exception
                0x14008e44       0x2c /opt/devkitpro/devkitARM/bin/../lib/gcc/arm-none-eabi/13.2.0/../../../../arm-none-eabi/lib/armv6k/fpu/libstdc++.a(eh_alloc.o)
                0x14008e44                __cxa_free_exception
 .text.startup._GLOBAL__sub_I__ZN9__gnu_cxx9__freeresEv
                0x14008e70      0x1b4 /opt/devkitpro/devkitARM/bin/../lib/gcc/arm-none-eabi/13.2.0/../../../../arm-none-eabi/lib/armv6k/fpu/libstdc++.a(eh_alloc.o)
 .text.selfrel_offset31
                0x14009024       0x18 /opt/devkitpro/devkitARM/bin/../lib/gcc/arm-none-eabi/13.2.0/armv6k/fpu/libgcc.a(unwind-arm.o)
 .text.search_EIT_table
                0x1400903c       0x90 /opt/devkitpro/devkitARM/bin/../lib/gcc/arm-none-eabi/13.2.0/armv6k/fpu/libgcc.a(unwind-arm.o)
 .text.__gnu_unwind_get_pr_addr
                0x140090cc       0x40 /opt/devkitpro/devkitARM/bin/../lib/gcc/arm-none-eabi/13.2.0/armv6k/fpu/libgcc.a(unwind-arm.o)
 .text.get_eit_entry
                0x1400910c      0x10c /opt/devkitpro/devkitARM/bin/../lib/gcc/arm-none-eabi/13.2.0/armv6k/fpu/libgcc.a(unwind-arm.o)
 .text.restore_non_core_regs
                0x14009218       0x88 /opt/devkitpro/devkitARM/bin/../lib/gcc/arm-none-eabi/13.2.0/armv6k/fpu/libgcc.a(unwind-arm.o)
 .text._Unwind_decode_typeinfo_ptr.constprop.0
                0x140092a0       0x14 /opt/devkitpro/devkitARM/bin/../lib/gcc/arm-none-eabi/13.2.0/armv6k/fpu/libgcc.a(unwind-arm.o)
 .text._Unwind_DebugHook
                0x140092b4        0x4 /opt/devkitpro/devkitARM/bin/../lib/gcc/arm-none-eabi/13.2.0/armv6k/fpu/libgcc.a(unwind-arm.o)
 .text.unwind_phase2
                0x140092b8       0x64 /opt/devkitpro/devkitARM/bin/../lib/gcc/arm-none-eabi/13.2.0/armv6k/fpu/libgcc.a(unwind-arm.o)
 .text.unwind_phase2_forced
                0x1400931c      0x140 /opt/devkitpro/devkitARM/bin/../lib/gcc/arm-none-eabi/13.2.0/armv6k/fpu/libgcc.a(unwind-arm.o)
 .text.__gnu_Unwind_RaiseException
                0x1400945c       0xa4 /opt/devkitpro/devkitARM/bin/../lib/gcc/arm-none-eabi/13.2.0/armv6k/fpu/libgcc.a(unwind-arm.o)
                0x1400945c                __gnu_Unwind_RaiseException
 .text.__gnu_Unwind_ForcedUnwind
                0x14009500       0x28 /opt/devkitpro/devkitARM/bin/../lib/gcc/arm-none-eabi/13.2.0/armv6k/fpu/libgcc.a(unwind-arm.o)
                0x14009500                __gnu_Unwind_ForcedUnwind
 .text.__gnu_Unwind_Resume
                0x14009528       0x74 /opt/devkitpro/devkitARM/bin/../lib/gcc/arm-none-eabi/13.2.0/armv6k/fpu/libgcc.a(unwind-arm.o)
                0x14009528                __gnu_Unwind_Resume
 .text.__gnu_Unwind_Resume_or_Rethrow
                0x1400959c       0x20 /opt/devkitpro/devkitARM/bin/../lib/gcc/arm-none-eabi/13.2.0/armv6k/fpu/libgcc.a(unwind-arm.o)
                0x1400959c                __gnu_Unwind_Resume_or_Rethrow
 .text._Unwind_Complete
                0x140095bc        0x4 /opt/devkitpro/devkitARM/bin/../lib/gcc/arm-none-eabi/13.2.0/armv6k/fpu/libgcc.a(unwind-arm.o)
                0x140095bc                _Unwind_Complete
 .text._Unwind_DeleteException
                0x140095c0       0x18 /opt/devkitpro/devkitARM/bin/../lib/gcc/arm-none-eabi/13.2.0/armv6k/fpu/libgcc.a(unwind-arm.o)
                0x140095c0                _Unwind_DeleteException
 .text._Unwind_VRS_Get
                0x140095d8       0x6c /opt/devkitpro/devkitARM/bin/../lib/gcc/arm-none-eabi/13.2.0/armv6k/fpu/libgcc.a(unwind-arm.o)
                0x140095d8                _Unwind_VRS_Get
 .text._Unwind_GetGR
                0x14009644       0x2c /opt/devkitpro/devkitARM/bin/../lib/gcc/arm-none-eabi/13.2.0/armv6k/fpu/libgcc.a(unwind-arm.o)
 .text._Unwind_VRS_Set
                0x14009670       0x6c /opt/devkitpro/devkitARM/bin/../lib/gcc/arm-none-eabi/13.2.0/armv6k/fpu/libgcc.a(unwind-arm.o)
                0x14009670                _Unwind_VRS_Set
 .text._Unwind_SetGR
                0x140096dc       0x2c /opt/devkitpro/devkitARM/bin/../lib/gcc/arm-none-eabi/13.2.0/armv6k/fpu/libgcc.a(unwind-arm.o)
 .text.__gnu_Unwind_Backtrace
                0x14009708       0xc0 /opt/devkitpro/devkitARM/bin/../lib/gcc/arm-none-eabi/13.2.0/armv6k/fpu/libgcc.a(unwind-arm.o)
                0x14009708                __gnu_Unwind_Backtrace
 .text.__gnu_unwind_pr_common
                0x140097c8      0x410 /opt/devkitpro/devkitARM/bin/../lib/gcc/arm-none-eabi/13.2.0/armv6k/fpu/libgcc.a(unwind-arm.o)
 .text.__aeabi_unwind_cpp_pr0
                0x14009bd8        0x8 /opt/devkitpro/devkitARM/bin/../lib/gcc/arm-none-eabi/13.2.0/armv6k/fpu/libgcc.a(unwind-arm.o)
                0x14009bd8                __aeabi_unwind_cpp_pr0
 .text.__aeabi_unwind_cpp_pr1
                0x14009be0        0x8 /opt/devkitpro/devkitARM/bin/../lib/gcc/arm-none-eabi/13.2.0/armv6k/fpu/libgcc.a(unwind-arm.o)
                0x14009be0                __aeabi_unwind_cpp_pr1
 .text.__aeabi_unwind_cpp_pr2
                0x14009be8        0x8 /opt/devkitpro/devkitARM/bin/../lib/gcc/arm-none-eabi/13.2.0/armv6k/fpu/libgcc.a(unwind-arm.o)
                0x14009be8                __aeabi_unwind_cpp_pr2
 .text._Unwind_VRS_Pop
                0x14009bf0      0x424 /opt/devkitpro/devkitARM/bin/../lib/gcc/arm-none-eabi/13.2.0/armv6k/fpu/libgcc.a(unwind-arm.o)
                0x14009bf0                _Unwind_VRS_Pop
 .text.next_unwind_byte
                0x1400a014       0x64 /opt/devkitpro/devkitARM/bin/../lib/gcc/arm-none-eabi/13.2.0/armv6k/fpu/libgcc.a(pr-support.o)
 .text._Unwind_GetGR.constprop.0
                0x1400a078       0x2c /opt/devkitpro/devkitARM/bin/../lib/gcc/arm-none-eabi/13.2.0/armv6k/fpu/libgcc.a(pr-support.o)
 .text.unwind_UCB_from_context
                0x1400a0a4        0x4 /opt/devkitpro/devkitARM/bin/../lib/gcc/arm-none-eabi/13.2.0/armv6k/fpu/libgcc.a(pr-support.o)
 .text.__gnu_unwind_execute
                0x1400a0a8      0x464 /opt/devkitpro/devkitARM/bin/../lib/gcc/arm-none-eabi/13.2.0/armv6k/fpu/libgcc.a(pr-support.o)
                0x1400a0a8                __gnu_unwind_execute
 .text.__gnu_unwind_frame
                0x1400a50c       0x48 /opt/devkitpro/devkitARM/bin/../lib/gcc/arm-none-eabi/13.2.0/armv6k/fpu/libgcc.a(pr-support.o)
                0x1400a50c                __gnu_unwind_frame
 .text._Unwind_GetRegionStart
                0x1400a554       0x10 /opt/devkitpro/devkitARM/bin/../lib/gcc/arm-none-eabi/13.2.0/armv6k/fpu/libgcc.a(pr-support.o)
                0x1400a554                _Unwind_GetRegionStart
 .text._Unwind_GetLanguageSpecificData
                0x1400a564       0x1c /opt/devkitpro/devkitARM/bin/../lib/gcc/arm-none-eabi/13.2.0/armv6k/fpu/libgcc.a(pr-support.o)
                0x1400a564                _Unwind_GetLanguageSpecificData
 .text.unlikely._Unwind_GetDataRelBase
                0x1400a580        0x8 /opt/devkitpro/devkitARM/bin/../lib/gcc/arm-none-eabi/13.2.0/armv6k/fpu/libgcc.a(pr-support.o)
                0x1400a580                _Unwind_GetDataRelBase
 .text.unlikely._Unwind_GetTextRelBase
                0x1400a588        0x8 /opt/devkitpro/devkitARM/bin/../lib/gcc/arm-none-eabi/13.2.0/armv6k/fpu/libgcc.a(pr-support.o)
                0x1400a588                _Unwind_GetTextRelBase
 .text.abort    0x1400a590       0x14 /opt/devkitpro/devkitARM/bin/../lib/gcc/arm-none-eabi/13.2.0/../../../../arm-none-eabi/lib/armv6k/fpu/libg.a(libc_a-abort.o)
                0x1400a590                abort
 .text.strchr   0x1400a5a4      0x130 /opt/devkitpro/devkitARM/bin/../lib/gcc/arm-none-eabi/13.2.0/../../../../arm-none-eabi/lib/armv6k/fpu/libg.a(libc_a-strchr.o)
                0x1400a5a4                strchr
 .text.memcmp   0x1400a6d4       0xd8 /opt/devkitpro/devkitARM/bin/../lib/gcc/arm-none-eabi/13.2.0/../../../../arm-none-eabi/lib/armv6k/fpu/libg.a(libc_a-memcmp.o)
                0x1400a6d4                memcmp
 .text.malloc   0x1400a7ac       0x18 /opt/devkitpro/devkitARM/bin/../lib/gcc/arm-none-eabi/13.2.0/../../../../arm-none-eabi/lib/armv6k/fpu/libg.a(libc_a-malloc.o)
                0x1400a7ac                malloc
 .text.free     0x1400a7c4       0x18 /opt/devkitpro/devkitARM/bin/../lib/gcc/arm-none-eabi/13.2.0/../../../../arm-none-eabi/lib/armv6k/fpu/libg.a(libc_a-malloc.o)
                0x1400a7c4                free
 .text._malloc_r
                0x1400a7dc      0x79c /opt/devkitpro/devkitARM/bin/../lib/gcc/arm-none-eabi/13.2.0/../../../../arm-none-eabi/lib/armv6k/fpu/libg.a(libc_a-mallocr.o)
                0x1400a7dc                _malloc_r
 .text.getenv   0x1400af78       0x24 /opt/devkitpro/devkitARM/bin/../lib/gcc/arm-none-eabi/13.2.0/../../../../arm-none-eabi/lib/armv6k/fpu/libg.a(libc_a-getenv.o)
                0x1400af78                getenv
 .text.memmove  0x1400af9c      0x150 /opt/devkitpro/devkitARM/bin/../lib/gcc/arm-none-eabi/13.2.0/../../../../arm-none-eabi/lib/armv6k/fpu/libg.a(libc_a-memmove.o)
                0x1400af9c                memmove
 .text._findenv_r
                0x1400b0ec       0xc8 /opt/devkitpro/devkitARM/bin/../lib/gcc/arm-none-eabi/13.2.0/../../../../arm-none-eabi/lib/armv6k/fpu/libg.a(libc_a-getenv_r.o)
                0x1400b0ec                _findenv_r
 .text.memset   0x1400b1b4       0xf4 /opt/devkitpro/devkitARM/bin/../lib/gcc/arm-none-eabi/13.2.0/../../../../arm-none-eabi/lib/armv6k/fpu/libg.a(libc_a-memset.o)
                0x1400b1b4                memset
 .text.__malloc_lock
                0x1400b2a8        0xc /opt/devkitpro/devkitARM/bin/../lib/gcc/arm-none-eabi/13.2.0/../../../../arm-none-eabi/lib/armv6k/fpu/libg.a(libc_a-mlock.o)
                0x1400b2a8                __malloc_lock
 .text.__malloc_unlock
                0x1400b2b4        0xc /opt/devkitpro/devkitARM/bin/../lib/gcc/arm-none-eabi/13.2.0/../../../../arm-none-eabi/lib/armv6k/fpu/libg.a(libc_a-mlock.o)
                0x1400b2b4                __malloc_unlock
 .text._raise_r
                0x1400b2c0       0x90 /opt/devkitpro/devkitARM/bin/../lib/gcc/arm-none-eabi/13.2.0/../../../../arm-none-eabi/lib/armv6k/fpu/libg.a(libc_a-signal.o)
                0x1400b2c0                _raise_r
 .text.raise    0x1400b350       0x18 /opt/devkitpro/devkitARM/bin/../lib/gcc/arm-none-eabi/13.2.0/../../../../arm-none-eabi/lib/armv6k/fpu/libg.a(libc_a-signal.o)
                0x1400b350                raise
 .text.strlen   0x1400b368       0x90 /opt/devkitpro/devkitARM/bin/../lib/gcc/arm-none-eabi/13.2.0/../../../../arm-none-eabi/lib/armv6k/fpu/libg.a(libc_a-strlen.o)
                0x1400b368                strlen
 .text.strncmp  0x1400b3f8       0xe4 /opt/devkitpro/devkitARM/bin/../lib/gcc/arm-none-eabi/13.2.0/../../../../arm-none-eabi/lib/armv6k/fpu/libg.a(libc_a-strncmp.o)
                0x1400b3f8                strncmp
 .text.strncpy  0x1400b4dc       0xc4 /opt/devkitpro/devkitARM/bin/../lib/gcc/arm-none-eabi/13.2.0/../../../../arm-none-eabi/lib/armv6k/fpu/libg.a(libc_a-strncpy.o)
                0x1400b4dc                strncpy
 .text.strnlen  0x1400b5a0       0x48 /opt/devkitpro/devkitARM/bin/../lib/gcc/arm-none-eabi/13.2.0/../../../../arm-none-eabi/lib/armv6k/fpu/libg.a(libc_a-strnlen.o)
                0x1400b5a0                strnlen
 .text._strtoul_l.isra.0
                0x1400b5e8      0x1d8 /opt/devkitpro/devkitARM/bin/../lib/gcc/arm-none-eabi/13.2.0/../../../../arm-none-eabi/lib/armv6k/fpu/libg.a(libc_a-strtoul.o)
 .text.strtoul  0x1400b7c0       0x34 /opt/devkitpro/devkitARM/bin/../lib/gcc/arm-none-eabi/13.2.0/../../../../arm-none-eabi/lib/armv6k/fpu/libg.a(libc_a-strtoul.o)
                0x1400b7c0                strtoul
 .text.memcpy   0x1400b7f4      0x11c /opt/devkitpro/devkitARM/bin/../lib/gcc/arm-none-eabi/13.2.0/../../../../arm-none-eabi/lib/armv6k/fpu/libg.a(libc_a-memcpy-stub.o)
                0x1400b7f4                memcpy
 .text.__env_lock
                0x1400b910        0xc /opt/devkitpro/devkitARM/bin/../lib/gcc/arm-none-eabi/13.2.0/../../../../arm-none-eabi/lib/armv6k/fpu/libg.a(libc_a-envlock.o)
                0x1400b910                __env_lock
 .text.__env_unlock
                0x1400b91c        0xc /opt/devkitpro/devkitARM/bin/../lib/gcc/arm-none-eabi/13.2.0/../../../../arm-none-eabi/lib/armv6k/fpu/libg.a(libc_a-envlock.o)
                0x1400b91c                __env_unlock
 .text._malloc_trim_r
                0x1400b928       0xf8 /opt/devkitpro/devkitARM/bin/../lib/gcc/arm-none-eabi/13.2.0/../../../../arm-none-eabi/lib/armv6k/fpu/libg.a(libc_a-freer.o)
                0x1400b928                _malloc_trim_r
 .text._free_r  0x1400ba20      0x2e8 /opt/devkitpro/devkitARM/bin/../lib/gcc/arm-none-eabi/13.2.0/../../../../arm-none-eabi/lib/armv6k/fpu/libg.a(libc_a-freer.o)
                0x1400ba20                _free_r
 .text._exit    0x1400bd08       0x20 /opt/devkitpro/devkitARM/bin/../lib/gcc/arm-none-eabi/13.2.0/../../../../arm-none-eabi/lib/armv6k/fpu/libsysbase.a(libsysbase_libsysbase_a-_exit.o)
                0x1400bd08                _exit
 .text._getpid_r
                0x1400bd28       0x14 /opt/devkitpro/devkitARM/bin/../lib/gcc/arm-none-eabi/13.2.0/../../../../arm-none-eabi/lib/armv6k/fpu/libsysbase.a(libsysbase_libsysbase_a-getpid.o)
                0x1400bd28                _getpid_r
 .text.__getreent
                0x1400bd3c       0x2c /opt/devkitpro/devkitARM/bin/../lib/gcc/arm-none-eabi/13.2.0/../../../../arm-none-eabi/lib/armv6k/fpu/libsysbase.a(libsysbase_libsysbase_a-getreent.o)
                0x1400bd3c                __getreent
 .text._kill_r  0x1400bd68       0x14 /opt/devkitpro/devkitARM/bin/../lib/gcc/arm-none-eabi/13.2.0/../../../../arm-none-eabi/lib/armv6k/fpu/libsysbase.a(libsysbase_libsysbase_a-kill.o)
                0x1400bd68                _kill_r
 .text._sbrk_r  0x1400bd7c       0x78 /opt/devkitpro/devkitARM/bin/../lib/gcc/arm-none-eabi/13.2.0/../../../../arm-none-eabi/lib/armv6k/fpu/libsysbase.a(libsysbase_libsysbase_a-sbrk.o)
                0x1400bd7c                _sbrk_r
 .text.__libc_lock_acquire_recursive
                0x1400bdf4       0x1c /opt/devkitpro/devkitARM/bin/../lib/gcc/arm-none-eabi/13.2.0/../../../../arm-none-eabi/lib/armv6k/fpu/libsysbase.a(libsysbase_libsysbase_a-syscall_support.o)
                0x1400bdf4                __libc_lock_acquire_recursive
 .text.__libc_lock_release_recursive
                0x1400be10       0x1c /opt/devkitpro/devkitARM/bin/../lib/gcc/arm-none-eabi/13.2.0/../../../../arm-none-eabi/lib/armv6k/fpu/libsysbase.a(libsysbase_libsysbase_a-syscall_support.o)
                0x1400be10                __libc_lock_release_recursive
 *(.glue_7)
 .glue_7        0x1400be2c        0x0 linker stubs
 *(.glue_7t)
 .glue_7t       0x1400be2c        0x0 linker stubs
 *(.stub)
 *(.gnu.warning)
 *(.gnu.linkonce.t*)
                0x1400be2c                        . = ALIGN (0x4)
 *(.fini)
 .fini          0x1400be2c        0xc /opt/devkitpro/devkitARM/bin/../lib/gcc/arm-none-eabi/13.2.0/armv6k/fpu/crti.o
                0x1400be2c                _fini
 .fini          0x1400be38        0xc /opt/devkitpro/devkitARM/bin/../lib/gcc/arm-none-eabi/13.2.0/armv6k/fpu/crtn.o
                0x1400be44                        . = ALIGN (0x4)

.vfp11_veneer   0x1400be44        0x0
 .vfp11_veneer  0x1400be44        0x0 linker stubs

.v4_bx          0x1400be44        0x0
 .v4_bx         0x1400be44        0x0 linker stubs

.iplt           0x1400be44        0x0
 .iplt          0x1400be44        0x0 /opt/devkitpro/devkitARM/bin/../lib/gcc/arm-none-eabi/13.2.0/../../../../arm-none-eabi/lib/armv6k/fpu/3dsx_crt0.o
                0x1400c000                        . = ALIGN (0x1000)

.rodata         0x1400c000     0x1014
 *(.rodata)
 .rodata        0x1400c000        0xc bps_patcher.o
 .rodata        0x1400c00c       0x20 paslr.o
 *(.roda)
 *(.rodata.*)
 .rodata._ZN7patcherL17ApplyCodeBpsPatchEyPhm.str1.4
                0x1400c02c      0x5e8 bps_patcher.o
                                 0x56 (size before relaxing)
 .rodata.str1.4
                0x1400c614        0x1 bps_patcher.o
 .rodata.hbldrPatchExHeaderInfo.str1.4
                0x1400c614        0x9 hbldr.o
 .rodata.hbldrLoadProcess.str2.4
                0x1400c614       0x52 hbldr.o
                                 0x16 (size before relaxing)
 .rodata.hbldrLoadProcess.str1.4
                0x1400c666       0x11 hbldr.o
 *fill*         0x1400c666        0x2 
 .rodata.kernelCaps
                0x1400c668       0x48 hbldr.o
 .rodata.dependencyListSafeFirmUids
                0x1400c6b0       0x2c hbldr.o
 .rodata.dependencyListNativeFirmUids
                0x1400c6dc       0x48 hbldr.o
 .rodata.serviceList
                0x1400c724      0x110 hbldr.o
 .rodata.plgldrInit.str1.4
                0x1400c834        0x8 loader.o
 .rodata.codeContentPath
                0x1400c834        0xc loader.o
 .rodata.initSystem.str1.4
                0x1400c840        0x7 main.o
 .rodata.notifications
                0x1400c840        0x8 main.o
 .rodata.str1.4
                0x1400c848        0xf main.o
 .rodata.services
                0x1400c848       0x30 main.o
 .rodata.titleUidListForPaslr
                0x1400c878       0x84 paslr.o
 .rodata.fileOpen.str1.4
                0x1400c8fc        0x1 patcher.o
 .rodata.secureInfoExists.str1.4
                0x1400c8fc       0x12 patcher.o
 .rodata.applyCodeIpsPatch.str1.4
                0x1400c8fc       0x5a patcher.o
 .rodata.loadTitleLocaleConfig.str1.4
                0x1400c8fc       0x39 patcher.o
 .rodata.patchLayeredFs.str1.4
                0x1400c8fc       0x54 patcher.o
 .rodata.useN3dsSettings.str1.4
                0x1400c8fc       0x20 patcher.o
 .rodata.openSysmoduleCxi.str1.4
                0x1400c8fc       0x26 patcher.o
 .rodata.readSysmoduleCxiCode.str1.4
                0x1400c8fc        0x6 patcher.o
 .rodata.loadTitleCodeSection.str1.4
                0x1400c8fc       0x27 patcher.o
 .rodata.loadTitleExheaderInfo.str1.4
                0x1400c8fc       0x2b patcher.o
 .rodata.patchCode.str2.4
                0x1400c8fc        0xa patcher.o
 .rodata.str1.4
                0x1400c8fc      0x2fd patcher.o
 .rodata.updateRomFsMounts.0
                0x1400c8fc       0x14 patcher.o
 .rodata.countries.1
                0x1400c910      0x2e8 patcher.o
 .rodata.languages.2
                0x1400cbf8       0x34 patcher.o
 .rodata.regions.3
                0x1400cc2c       0x20 patcher.o
 .rodata.bom.5  0x1400cc4c        0x3 patcher.o
 *fill*         0x1400cc4f        0x1 
 .rodata.paths.6
                0x1400cc50       0x14 patcher.o
 .rodata.patch.7
                0x1400cc64        0x4 patcher.o
 .rodata.pattern.8
                0x1400cc68        0x5 patcher.o
 *fill*         0x1400cc6d        0x3 
 .rodata.patch2.9
                0x1400cc70        0x2 patcher.o
 *fill*         0x1400cc72        0x2 
 .rodata.pattern3.10
                0x1400cc74        0x1 patcher.o
 *fill*         0x1400cc75        0x3 
 .rodata.pattern2.11
                0x1400cc78        0xc patcher.o
 .rodata.patch.12
                0x1400cc84        0x4 patcher.o
 .rodata.pattern.13
                0x1400cc88        0x4 patcher.o
 .rodata.pattern3.14
                0x1400cc8c        0x4 patcher.o
 .rodata.pattern2.15
                0x1400cc90        0x4 patcher.o
 .rodata.patch.16
                0x1400cc94        0x8 patcher.o
 .rodata.pattern.17
                0x1400cc9c        0x4 patcher.o
 .rodata.patch.18
                0x1400cca0        0x4 patcher.o
 .rodata.pattern.19
                0x1400cca4        0x8 patcher.o
 .rodata.patch.20
                0x1400ccac        0x2 patcher.o
 *fill*         0x1400ccae        0x2 
 .rodata.pattern.21
                0x1400ccb0        0x4 patcher.o
 .rodata.pattern.22
                0x1400ccb4        0x4 patcher.o
 .rodata.pattern.23
                0x1400ccb8        0x4 patcher.o
 .rodata.patch.24
                0x1400ccbc        0x4 patcher.o
 .rodata.pattern.25
                0x1400ccc0        0x4 patcher.o
 .rodata.pattern.26
                0x1400ccc4        0x6 patcher.o
 .rodata.str2.4
                0x1400ccca       0x2e patcher.o
 *fill*         0x1400ccca        0x2 
 .rodata.verStringNandEmu.27
                0x1400cccc       0x10 patcher.o
 .rodata.pattern.28
                0x1400ccdc        0x6 patcher.o
 *fill*         0x1400cce2        0x2 
 .rodata.patch.29
                0x1400cce4        0x8 patcher.o
 .rodata.pattern.30
                0x1400ccec        0x4 patcher.o
 .rodata.hexDigits.0
                0x1400ccf0       0x11 strings.o
 .rodata.srvInit.str1.4
                0x1400cd01        0x5 /opt/devkitpro/libctru/lib/libctrud.a(srv.o)
 .rodata.pxiPmInit.str1.4
                0x1400cd01        0x6 /opt/devkitpro/libctru/lib/libctrud.a(pxipm.o)
 .rodata.fsRegInit.str1.4
                0x1400cd01        0x7 /opt/devkitpro/libctru/lib/libctrud.a(fsreg.o)
 .rodata.fsMakePath.str1.4
                0x1400cd01        0x1 /opt/devkitpro/libctru/lib/libctrud.a(fs.o)
 .rodata._ZNKSt13bad_exception4whatEv.str1.4
                0x1400cd01       0x13 /opt/devkitpro/devkitARM/bin/../lib/gcc/arm-none-eabi/13.2.0/../../../../arm-none-eabi/lib/armv6k/fpu/libstdc++.a(eh_exception.o)
 *fill*         0x1400cd01        0x3 
 .rodata._ZTSSt9exception
                0x1400cd04        0xd /opt/devkitpro/devkitARM/bin/../lib/gcc/arm-none-eabi/13.2.0/../../../../arm-none-eabi/lib/armv6k/fpu/libstdc++.a(eh_exception.o)
                0x1400cd04                typeinfo name for std::exception
 *fill*         0x1400cd11        0x3 
 .rodata._ZTISt9exception
                0x1400cd14        0x8 /opt/devkitpro/devkitARM/bin/../lib/gcc/arm-none-eabi/13.2.0/../../../../arm-none-eabi/lib/armv6k/fpu/libstdc++.a(eh_exception.o)
                0x1400cd14                typeinfo for std::exception
 .rodata._ZTSSt13bad_exception
                0x1400cd1c       0x12 /opt/devkitpro/devkitARM/bin/../lib/gcc/arm-none-eabi/13.2.0/../../../../arm-none-eabi/lib/armv6k/fpu/libstdc++.a(eh_exception.o)
                0x1400cd1c                typeinfo name for std::bad_exception
 *fill*         0x1400cd2e        0x2 
 .rodata._ZTISt13bad_exception
                0x1400cd30        0xc /opt/devkitpro/devkitARM/bin/../lib/gcc/arm-none-eabi/13.2.0/../../../../arm-none-eabi/lib/armv6k/fpu/libstdc++.a(eh_exception.o)
                0x1400cd30                typeinfo for std::bad_exception
 .rodata._ZTSN10__cxxabiv115__forced_unwindE
                0x1400cd3c       0x20 /opt/devkitpro/devkitARM/bin/../lib/gcc/arm-none-eabi/13.2.0/../../../../arm-none-eabi/lib/armv6k/fpu/libstdc++.a(eh_exception.o)
                0x1400cd3c                typeinfo name for __cxxabiv1::__forced_unwind
 .rodata._ZTIN10__cxxabiv115__forced_unwindE
                0x1400cd5c        0x8 /opt/devkitpro/devkitARM/bin/../lib/gcc/arm-none-eabi/13.2.0/../../../../arm-none-eabi/lib/armv6k/fpu/libstdc++.a(eh_exception.o)
                0x1400cd5c                typeinfo for __cxxabiv1::__forced_unwind
 .rodata._ZTSN10__cxxabiv119__foreign_exceptionE
                0x1400cd64       0x24 /opt/devkitpro/devkitARM/bin/../lib/gcc/arm-none-eabi/13.2.0/../../../../arm-none-eabi/lib/armv6k/fpu/libstdc++.a(eh_exception.o)
                0x1400cd64                typeinfo name for __cxxabiv1::__foreign_exception
 .rodata._ZTIN10__cxxabiv119__foreign_exceptionE
                0x1400cd88        0x8 /opt/devkitpro/devkitARM/bin/../lib/gcc/arm-none-eabi/13.2.0/../../../../arm-none-eabi/lib/armv6k/fpu/libstdc++.a(eh_exception.o)
                0x1400cd88                typeinfo for __cxxabiv1::__foreign_exception
 .rodata._ZTVSt13bad_exception
                0x1400cd90       0x14 /opt/devkitpro/devkitARM/bin/../lib/gcc/arm-none-eabi/13.2.0/../../../../arm-none-eabi/lib/armv6k/fpu/libstdc++.a(eh_exception.o)
                0x1400cd90                vtable for std::bad_exception
 .rodata._ZTSN10__cxxabiv120__si_class_type_infoE
                0x1400cda4       0x25 /opt/devkitpro/devkitARM/bin/../lib/gcc/arm-none-eabi/13.2.0/../../../../arm-none-eabi/lib/armv6k/fpu/libstdc++.a(si_class_type_info.o)
                0x1400cda4                typeinfo name for __cxxabiv1::__si_class_type_info
 *fill*         0x1400cdc9        0x3 
 .rodata._ZTIN10__cxxabiv120__si_class_type_infoE
                0x1400cdcc        0xc /opt/devkitpro/devkitARM/bin/../lib/gcc/arm-none-eabi/13.2.0/../../../../arm-none-eabi/lib/armv6k/fpu/libstdc++.a(si_class_type_info.o)
                0x1400cdcc                typeinfo for __cxxabiv1::__si_class_type_info
 .rodata._ZTVN10__cxxabiv120__si_class_type_infoE
                0x1400cdd8       0x2c /opt/devkitpro/devkitARM/bin/../lib/gcc/arm-none-eabi/13.2.0/../../../../arm-none-eabi/lib/armv6k/fpu/libstdc++.a(si_class_type_info.o)
                0x1400cdd8                vtable for __cxxabiv1::__si_class_type_info
 .rodata._ZTSSt9type_info
                0x1400ce04        0xd /opt/devkitpro/devkitARM/bin/../lib/gcc/arm-none-eabi/13.2.0/../../../../arm-none-eabi/lib/armv6k/fpu/libstdc++.a(tinfo.o)
                0x1400ce04                typeinfo name for std::type_info
 *fill*         0x1400ce11        0x3 
 .rodata._ZTISt9type_info
                0x1400ce14        0x8 /opt/devkitpro/devkitARM/bin/../lib/gcc/arm-none-eabi/13.2.0/../../../../arm-none-eabi/lib/armv6k/fpu/libstdc++.a(tinfo.o)
                0x1400ce14                typeinfo for std::type_info
 .rodata._ZTSN10__cxxabiv117__class_type_infoE
                0x1400ce1c       0x22 /opt/devkitpro/devkitARM/bin/../lib/gcc/arm-none-eabi/13.2.0/../../../../arm-none-eabi/lib/armv6k/fpu/libstdc++.a(class_type_info.o)
                0x1400ce1c                typeinfo name for __cxxabiv1::__class_type_info
 *fill*         0x1400ce3e        0x2 
 .rodata._ZTIN10__cxxabiv117__class_type_infoE
                0x1400ce40        0xc /opt/devkitpro/devkitARM/bin/../lib/gcc/arm-none-eabi/13.2.0/../../../../arm-none-eabi/lib/armv6k/fpu/libstdc++.a(class_type_info.o)
                0x1400ce40                typeinfo for __cxxabiv1::__class_type_info
 .rodata._ZTVN10__cxxabiv117__class_type_infoE
                0x1400ce4c       0x2c /opt/devkitpro/devkitARM/bin/../lib/gcc/arm-none-eabi/13.2.0/../../../../arm-none-eabi/lib/armv6k/fpu/libstdc++.a(class_type_info.o)
                0x1400ce4c                vtable for __cxxabiv1::__class_type_info
 .rodata._ZNK9__gnu_cxx24__concurrence_lock_error4whatEv.str1.4
                0x1400ce78       0x24 /opt/devkitpro/devkitARM/bin/../lib/gcc/arm-none-eabi/13.2.0/../../../../arm-none-eabi/lib/armv6k/fpu/libstdc++.a(eh_alloc.o)
 .rodata._ZNK9__gnu_cxx26__concurrence_unlock_error4whatEv.str1.4
                0x1400ce78       0x26 /opt/devkitpro/devkitARM/bin/../lib/gcc/arm-none-eabi/13.2.0/../../../../arm-none-eabi/lib/armv6k/fpu/libstdc++.a(eh_alloc.o)
 .rodata._GLOBAL__sub_I__ZN9__gnu_cxx9__freeresEv.str1.4
                0x1400ce78       0x3c /opt/devkitpro/devkitARM/bin/../lib/gcc/arm-none-eabi/13.2.0/../../../../arm-none-eabi/lib/armv6k/fpu/libstdc++.a(eh_alloc.o)
 .rodata._ZTSN9__gnu_cxx24__concurrence_lock_errorE
                0x1400ce78       0x27 /opt/devkitpro/devkitARM/bin/../lib/gcc/arm-none-eabi/13.2.0/../../../../arm-none-eabi/lib/armv6k/fpu/libstdc++.a(eh_alloc.o)
                0x1400ce78                typeinfo name for __gnu_cxx::__concurrence_lock_error
 *fill*         0x1400ce9f        0x1 
 .rodata._ZTIN9__gnu_cxx24__concurrence_lock_errorE
                0x1400cea0        0xc /opt/devkitpro/devkitARM/bin/../lib/gcc/arm-none-eabi/13.2.0/../../../../arm-none-eabi/lib/armv6k/fpu/libstdc++.a(eh_alloc.o)
                0x1400cea0                typeinfo for __gnu_cxx::__concurrence_lock_error
 .rodata._ZTSN9__gnu_cxx26__concurrence_unlock_errorE
                0x1400ceac       0x29 /opt/devkitpro/devkitARM/bin/../lib/gcc/arm-none-eabi/13.2.0/../../../../arm-none-eabi/lib/armv6k/fpu/libstdc++.a(eh_alloc.o)
                0x1400ceac                typeinfo name for __gnu_cxx::__concurrence_unlock_error
 *fill*         0x1400ced5        0x3 
 .rodata._ZTIN9__gnu_cxx26__concurrence_unlock_errorE
                0x1400ced8        0xc /opt/devkitpro/devkitARM/bin/../lib/gcc/arm-none-eabi/13.2.0/../../../../arm-none-eabi/lib/armv6k/fpu/libstdc++.a(eh_alloc.o)
                0x1400ced8                typeinfo for __gnu_cxx::__concurrence_unlock_error
 .rodata._ZTVN9__gnu_cxx24__concurrence_lock_errorE
                0x1400cee4       0x14 /opt/devkitpro/devkitARM/bin/../lib/gcc/arm-none-eabi/13.2.0/../../../../arm-none-eabi/lib/armv6k/fpu/libstdc++.a(eh_alloc.o)
                0x1400cee4                vtable for __gnu_cxx::__concurrence_lock_error
 .rodata._ZTVN9__gnu_cxx26__concurrence_unlock_errorE
                0x1400cef8       0x14 /opt/devkitpro/devkitARM/bin/../lib/gcc/arm-none-eabi/13.2.0/../../../../arm-none-eabi/lib/armv6k/fpu/libstdc++.a(eh_alloc.o)
                0x1400cef8                vtable for __gnu_cxx::__concurrence_unlock_error
 .rodata._ctype_
                0x1400cf0c      0x101 /opt/devkitpro/devkitARM/bin/../lib/gcc/arm-none-eabi/13.2.0/../../../../arm-none-eabi/lib/armv6k/fpu/libg.a(libc_a-ctype_.o)
                0x1400cf0c                _ctype_
 *all.rodata*(*)
 *(.gnu.linkonce.r*)
                0x1400d010                        . = ALIGN (0x4)
 *fill*         0x1400d00d        0x3 
                0x1400d010                        __tdata_align = .
                0x1400d010        0x4 LONG 0x4 ALIGNOF (.tdata)
                0x1400d014                        . = ALIGN (0x4)

.eh_frame       0x1400d014        0x0
 .eh_frame      0x1400d014        0x0 /opt/devkitpro/devkitARM/bin/../lib/gcc/arm-none-eabi/13.2.0/armv6k/fpu/crtbegin.o

.ARM.extab      0x1400d014       0xd8
 *(.ARM.extab* .gnu.linkonce.armextab.*)
 .ARM.extab.text.osGetMemRegionSize
                0x1400d014        0x0 bps_patcher.o
 .ARM.extab.text.osGetMemRegionFree
                0x1400d014        0x0 bps_patcher.o
 .ARM.extab.text._ZN4util4File5CloseEv
                0x1400d014        0x0 bps_patcher.o
 .ARM.extab.text._ZN4util4File4OpenEPKci
                0x1400d014        0x0 bps_patcher.o
 .ARM.extab.text._ZN4util4File4ReadEPvmy
                0x1400d014        0x0 bps_patcher.o
 .ARM.extab.text._ZNK4util4File7GetSizeEv
                0x1400d014        0x0 bps_patcher.o
 .ARM.extab.text._ZNKSt17basic_string_viewIcSt11char_traitsIcEE7compareES2_
                0x1400d014        0x0 bps_patcher.o
 .ARM.extab.text._ZStneIcSt11char_traitsIcEEbSt17basic_string_viewIT_T0_ENSt15__type_identityIS5_E4typeE
                0x1400d014        0x0 bps_patcher.o
 .ARM.extab.text._ZN7patcher13ScopedAppHeapC2Ev
                0x1400d014        0x0 bps_patcher.o
 .ARM.extab.text._ZN7patcher13ScopedAppHeapD2Ev
                0x1400d014        0xc bps_patcher.o
 .ARM.extab.text._ZNRSt8optionalIhEdeEv
                0x1400d020        0x0 bps_patcher.o
 .ARM.extab.text._ZN7patcher3Bps6StreamIKhE4ReadEPvj
                0x1400d020        0x0 bps_patcher.o
 .ARM.extab.text._ZN7patcher3Bps6StreamIhE8CopyFromIKhEEbRNS1_IT_EEj
                0x1400d020        0x0 bps_patcher.o
 .ARM.extab.text._ZN7patcher3Bps12PatchApplier10SourceReadEm
                0x1400d020        0x0 bps_patcher.o
 .ARM.extab.text._ZN7patcher3Bps6StreamIKhE4ReadISt5arrayIcLj4EEEESt8optionalIT_Ev
                0x1400d020        0x0 bps_patcher.o
 .ARM.extab.text._ZN7patcher3Bps6StreamIKhE4ReadImEESt8optionalIT_Ev
                0x1400d020        0x0 bps_patcher.o
 .ARM.extab.text._ZN7patcher3Bps6StreamIKhE4ReadIhEESt8optionalIT_Ev
                0x1400d020        0x0 bps_patcher.o
 .ARM.extab.text._ZNKSt8optionalIhEcvbEv
                0x1400d020        0x0 bps_patcher.o
 .ARM.extab.text._ZN7patcher3Bps6StreamIKhE10ReadNumberEv
                0x1400d020        0x0 bps_patcher.o
 .ARM.extab.text._ZN7patcher3Bps12PatchApplier10SourceCopyEm
                0x1400d020        0x0 bps_patcher.o
 .ARM.extab.text._ZN7patcher3Bps12PatchApplier10TargetCopyEm
                0x1400d020        0x0 bps_patcher.o
 .ARM.extab.text._ZN7patcher3Bps12PatchApplier13HandleCommandEv
                0x1400d020        0x0 bps_patcher.o
 .ARM.extab.text._ZN7patcherL17ApplyCodeBpsPatchEyPhm
                0x1400d020       0x23 bps_patcher.o
 *fill*         0x1400d043        0x1 
 .ARM.extab.text.__cxa_get_globals_fast
                0x1400d044        0xc /opt/devkitpro/devkitARM/bin/../lib/gcc/arm-none-eabi/13.2.0/../../../../arm-none-eabi/lib/armv6k/fpu/libstdc++.a(eh_globals.o)
 .ARM.extab.text.__cxa_get_globals
                0x1400d050        0xc /opt/devkitpro/devkitARM/bin/../lib/gcc/arm-none-eabi/13.2.0/../../../../arm-none-eabi/lib/armv6k/fpu/libstdc++.a(eh_globals.o)
 .ARM.extab.text.exit._GLOBAL__sub_D__ZN17__eh_globals_init7_S_initE
                0x1400d05c        0xc /opt/devkitpro/devkitARM/bin/../lib/gcc/arm-none-eabi/13.2.0/../../../../arm-none-eabi/lib/armv6k/fpu/libstdc++.a(eh_globals.o)
 .ARM.extab.text.__gxx_personality_v0
                0x1400d068       0x24 /opt/devkitpro/devkitARM/bin/../lib/gcc/arm-none-eabi/13.2.0/../../../../arm-none-eabi/lib/armv6k/fpu/libstdc++.a(eh_personality.o)
 .ARM.extab.text._ZN10__cxxabiv111__terminateEPFvvE
                0x1400d08c       0x18 /opt/devkitpro/devkitARM/bin/../lib/gcc/arm-none-eabi/13.2.0/../../../../arm-none-eabi/lib/armv6k/fpu/libstdc++.a(eh_terminate.o)
 .ARM.extab.text.unlikely.__cxa_call_unexpected
                0x1400d0a4       0x24 /opt/devkitpro/devkitARM/bin/../lib/gcc/arm-none-eabi/13.2.0/../../../../arm-none-eabi/lib/armv6k/fpu/libstdc++.a(eh_call.o)
 .ARM.extab.text.__cxa_begin_catch
                0x1400d0c8        0xc /opt/devkitpro/devkitARM/bin/../lib/gcc/arm-none-eabi/13.2.0/../../../../arm-none-eabi/lib/armv6k/fpu/libstdc++.a(eh_catch.o)
 .ARM.extab.text._ZNK9__gnu_cxx24__concurrence_lock_error4whatEv
                0x1400d0d4        0x0 /opt/devkitpro/devkitARM/bin/../lib/gcc/arm-none-eabi/13.2.0/../../../../arm-none-eabi/lib/armv6k/fpu/libstdc++.a(eh_alloc.o)
 .ARM.extab.text._ZNK9__gnu_cxx26__concurrence_unlock_error4whatEv
                0x1400d0d4        0x0 /opt/devkitpro/devkitARM/bin/../lib/gcc/arm-none-eabi/13.2.0/../../../../arm-none-eabi/lib/armv6k/fpu/libstdc++.a(eh_alloc.o)
 .ARM.extab.text._ZN9__gnu_cxx24__concurrence_lock_errorD2Ev
                0x1400d0d4        0x0 /opt/devkitpro/devkitARM/bin/../lib/gcc/arm-none-eabi/13.2.0/../../../../arm-none-eabi/lib/armv6k/fpu/libstdc++.a(eh_alloc.o)
 .ARM.extab.text._ZN9__gnu_cxx24__concurrence_lock_errorD0Ev
                0x1400d0d4        0x0 /opt/devkitpro/devkitARM/bin/../lib/gcc/arm-none-eabi/13.2.0/../../../../arm-none-eabi/lib/armv6k/fpu/libstdc++.a(eh_alloc.o)
 .ARM.extab.text._ZN9__gnu_cxx26__concurrence_unlock_errorD2Ev
                0x1400d0d4        0x0 /opt/devkitpro/devkitARM/bin/../lib/gcc/arm-none-eabi/13.2.0/../../../../arm-none-eabi/lib/armv6k/fpu/libstdc++.a(eh_alloc.o)
 .ARM.extab.text._ZN9__gnu_cxx26__concurrence_unlock_errorD0Ev
                0x1400d0d4        0x0 /opt/devkitpro/devkitARM/bin/../lib/gcc/arm-none-eabi/13.2.0/../../../../arm-none-eabi/lib/armv6k/fpu/libstdc++.a(eh_alloc.o)
 .ARM.extab.text.unlikely._ZN9__gnu_cxx30__throw_concurrence_lock_errorEv
                0x1400d0d4        0x0 /opt/devkitpro/devkitARM/bin/../lib/gcc/arm-none-eabi/13.2.0/../../../../arm-none-eabi/lib/armv6k/fpu/libstdc++.a(eh_alloc.o)
 .ARM.extab.text.unlikely._ZN9__gnu_cxx32__throw_concurrence_unlock_errorEv
                0x1400d0d4        0x0 /opt/devkitpro/devkitARM/bin/../lib/gcc/arm-none-eabi/13.2.0/../../../../arm-none-eabi/lib/armv6k/fpu/libstdc++.a(eh_alloc.o)
 .ARM.extab.text._ZN12_GLOBAL__N_14pool4freeEPv.constprop.0
                0x1400d0d4        0xc /opt/devkitpro/devkitARM/bin/../lib/gcc/arm-none-eabi/13.2.0/../../../../arm-none-eabi/lib/armv6k/fpu/libstdc++.a(eh_alloc.o)
 .ARM.extab.text._ZN12_GLOBAL__N_14pool8allocateEj.constprop.0
                0x1400d0e0        0xc /opt/devkitpro/devkitARM/bin/../lib/gcc/arm-none-eabi/13.2.0/../../../../arm-none-eabi/lib/armv6k/fpu/libstdc++.a(eh_alloc.o)
                0x1400d0ec                        __exidx_start = .

ARM.exidx       0x1400d0ec      0x200
 *(.ARM.exidx* .gnu.linkonce.armexidx.*)
 .ARM.exidx.text.osGetMemRegionSize
                0x1400d0ec        0x8 bps_patcher.o
 .ARM.exidx.text._ZN7patcher3BpsL5crc32EPKhj
                0x1400d0f4        0x0 bps_patcher.o
                                  0x8 (size before relaxing)
 .ARM.exidx.text.osGetMemRegionFree
                0x1400d0f4        0x8 bps_patcher.o
 .ARM.exidx.text._ZN4util4File5CloseEv
                0x1400d0fc        0x8 bps_patcher.o
 .ARM.exidx.text._ZN4util4File4OpenEPKci
                0x1400d104        0x8 bps_patcher.o
 .ARM.exidx.text._ZN4util4File4ReadEPvmy
                0x1400d10c        0x8 bps_patcher.o
 .ARM.exidx.text._ZNK4util4File7GetSizeEv
                0x1400d114        0x8 bps_patcher.o
 .ARM.exidx.text._ZNKSt17basic_string_viewIcSt11char_traitsIcEE7compareES2_
                0x1400d11c        0x8 bps_patcher.o
 .ARM.exidx.text._ZStneIcSt11char_traitsIcEEbSt17basic_string_viewIT_T0_ENSt15__type_identityIS5_E4typeE
                0x1400d124        0x0 bps_patcher.o
                                  0x8 (size before relaxing)
 .ARM.exidx.text._ZN7patcher13ScopedAppHeapC2Ev
                0x1400d124        0x8 bps_patcher.o
 .ARM.exidx.text._ZN7patcher13ScopedAppHeapD2Ev
                0x1400d12c        0x8 bps_patcher.o
 .ARM.exidx.text._ZNRSt8optionalIhEdeEv
                0x1400d134        0x8 bps_patcher.o
 .ARM.exidx.text._ZN7patcher3Bps6StreamIKhE4ReadEPvj
                0x1400d13c        0x0 bps_patcher.o
                                  0x8 (size before relaxing)
 .ARM.exidx.text._ZN7patcher3Bps6StreamIhE8CopyFromIKhEEbRNS1_IT_EEj
                0x1400d13c        0x0 bps_patcher.o
                                  0x8 (size before relaxing)
 .ARM.exidx.text._ZN7patcher3Bps12PatchApplier10SourceReadEm
                0x1400d13c        0x0 bps_patcher.o
                                  0x8 (size before relaxing)
 .ARM.exidx.text._ZN7patcher3Bps6StreamIKhE4ReadISt5arrayIcLj4EEEESt8optionalIT_Ev
                0x1400d13c        0x0 bps_patcher.o
                                  0x8 (size before relaxing)
 .ARM.exidx.text._ZN7patcher3Bps6StreamIKhE4ReadImEESt8optionalIT_Ev
                0x1400d13c        0x0 bps_patcher.o
                                  0x8 (size before relaxing)
 .ARM.exidx.text._ZN7patcher3Bps6StreamIKhE4ReadIhEESt8optionalIT_Ev
                0x1400d13c        0x0 bps_patcher.o
                                  0x8 (size before relaxing)
 .ARM.exidx.text._ZNKSt8optionalIhEcvbEv
                0x1400d13c        0x0 bps_patcher.o
                                  0x8 (size before relaxing)
 .ARM.exidx.text._ZN7patcher3Bps6StreamIKhE10ReadNumberEv
                0x1400d13c        0x0 bps_patcher.o
                                  0x8 (size before relaxing)
 .ARM.exidx.text._ZN7patcher3Bps12PatchApplier10SourceCopyEm
                0x1400d13c        0x0 bps_patcher.o
                                  0x8 (size before relaxing)
 .ARM.exidx.text._ZN7patcher3Bps12PatchApplier10TargetCopyEm
                0x1400d13c        0x0 bps_patcher.o
                                  0x8 (size before relaxing)
 .ARM.exidx.text._ZN7patcher3Bps12PatchApplier13HandleCommandEv
                0x1400d13c        0x0 bps_patcher.o
                                  0x8 (size before relaxing)
 .ARM.exidx.text._ZN7patcherL17ApplyCodeBpsPatchEyPhm
                0x1400d13c        0x8 bps_patcher.o
 .ARM.exidx.text.patcherApplyCodeBpsPatch
                0x1400d144       0x10 bps_patcher.o
                                  0x8 (size before relaxing)
 .ARM.exidx.text.__cxa_type_match
                0x1400d154        0x8 /opt/devkitpro/devkitARM/bin/../lib/gcc/arm-none-eabi/13.2.0/../../../../arm-none-eabi/lib/armv6k/fpu/libstdc++.a(eh_arm.o)
 .ARM.exidx.text.__cxa_begin_cleanup
                0x1400d15c        0x8 /opt/devkitpro/devkitARM/bin/../lib/gcc/arm-none-eabi/13.2.0/../../../../arm-none-eabi/lib/armv6k/fpu/libstdc++.a(eh_arm.o)
 .ARM.exidx.text.__gnu_end_cleanup
                0x1400d164        0x0 /opt/devkitpro/devkitARM/bin/../lib/gcc/arm-none-eabi/13.2.0/../../../../arm-none-eabi/lib/armv6k/fpu/libstdc++.a(eh_arm.o)
                                  0x8 (size before relaxing)
 .ARM.exidx.text._ZNSt9exceptionD2Ev
                0x1400d164        0x0 /opt/devkitpro/devkitARM/bin/../lib/gcc/arm-none-eabi/13.2.0/../../../../arm-none-eabi/lib/armv6k/fpu/libstdc++.a(eh_exception.o)
                                  0x8 (size before relaxing)
 .ARM.exidx.text._ZNSt13bad_exceptionD2Ev
                0x1400d164        0x0 /opt/devkitpro/devkitARM/bin/../lib/gcc/arm-none-eabi/13.2.0/../../../../arm-none-eabi/lib/armv6k/fpu/libstdc++.a(eh_exception.o)
                                  0x8 (size before relaxing)
 .ARM.exidx.text._ZNKSt13bad_exception4whatEv
                0x1400d164        0x0 /opt/devkitpro/devkitARM/bin/../lib/gcc/arm-none-eabi/13.2.0/../../../../arm-none-eabi/lib/armv6k/fpu/libstdc++.a(eh_exception.o)
                                  0x8 (size before relaxing)
 .ARM.exidx.text._ZNSt13bad_exceptionD0Ev
                0x1400d164        0x0 /opt/devkitpro/devkitARM/bin/../lib/gcc/arm-none-eabi/13.2.0/../../../../arm-none-eabi/lib/armv6k/fpu/libstdc++.a(eh_exception.o)
                                  0x8 (size before relaxing)
 .ARM.exidx.text._ZL15eh_globals_dtorPv
                0x1400d164        0x8 /opt/devkitpro/devkitARM/bin/../lib/gcc/arm-none-eabi/13.2.0/../../../../arm-none-eabi/lib/armv6k/fpu/libstdc++.a(eh_globals.o)
 .ARM.exidx.text.__cxa_get_globals_fast
                0x1400d16c        0x8 /opt/devkitpro/devkitARM/bin/../lib/gcc/arm-none-eabi/13.2.0/../../../../arm-none-eabi/lib/armv6k/fpu/libstdc++.a(eh_globals.o)
 .ARM.exidx.text.__cxa_get_globals
                0x1400d174        0x8 /opt/devkitpro/devkitARM/bin/../lib/gcc/arm-none-eabi/13.2.0/../../../../arm-none-eabi/lib/armv6k/fpu/libstdc++.a(eh_globals.o)
 .ARM.exidx.text.startup._GLOBAL__sub_I__ZN17__eh_globals_init7_S_initE
                0x1400d17c        0x8 /opt/devkitpro/devkitARM/bin/../lib/gcc/arm-none-eabi/13.2.0/../../../../arm-none-eabi/lib/armv6k/fpu/libstdc++.a(eh_globals.o)
 .ARM.exidx.text.exit._GLOBAL__sub_D__ZN17__eh_globals_init7_S_initE
                0x1400d184        0x8 /opt/devkitpro/devkitARM/bin/../lib/gcc/arm-none-eabi/13.2.0/../../../../arm-none-eabi/lib/armv6k/fpu/libstdc++.a(eh_globals.o)
 .ARM.exidx.text._ZL28read_encoded_value_with_basehjPKhPj
                0x1400d18c        0x8 /opt/devkitpro/devkitARM/bin/../lib/gcc/arm-none-eabi/13.2.0/../../../../arm-none-eabi/lib/armv6k/fpu/libstdc++.a(eh_personality.o)
 .ARM.exidx.text._ZL21base_of_encoded_valuehP15_Unwind_Context
                0x1400d194        0x8 /opt/devkitpro/devkitARM/bin/../lib/gcc/arm-none-eabi/13.2.0/../../../../arm-none-eabi/lib/armv6k/fpu/libstdc++.a(eh_personality.o)
 .ARM.exidx.text._ZL17parse_lsda_headerP15_Unwind_ContextPKhP16lsda_header_info
                0x1400d19c        0x8 /opt/devkitpro/devkitARM/bin/../lib/gcc/arm-none-eabi/13.2.0/../../../../arm-none-eabi/lib/armv6k/fpu/libstdc++.a(eh_personality.o)
 .ARM.exidx.text.__gxx_personality_v0
                0x1400d1a4        0x8 /opt/devkitpro/devkitARM/bin/../lib/gcc/arm-none-eabi/13.2.0/../../../../arm-none-eabi/lib/armv6k/fpu/libstdc++.a(eh_personality.o)
 .ARM.exidx.text._ZN10__cxxabiv111__terminateEPFvvE
                0x1400d1ac        0x8 /opt/devkitpro/devkitARM/bin/../lib/gcc/arm-none-eabi/13.2.0/../../../../arm-none-eabi/lib/armv6k/fpu/libstdc++.a(eh_terminate.o)
 .ARM.exidx.text._ZSt9terminatev
                0x1400d1b4        0x8 /opt/devkitpro/devkitARM/bin/../lib/gcc/arm-none-eabi/13.2.0/../../../../arm-none-eabi/lib/armv6k/fpu/libstdc++.a(eh_terminate.o)
 .ARM.exidx.text._ZN10__cxxabiv112__unexpectedEPFvvE
                0x1400d1bc        0x8 /opt/devkitpro/devkitARM/bin/../lib/gcc/arm-none-eabi/13.2.0/../../../../arm-none-eabi/lib/armv6k/fpu/libstdc++.a(eh_terminate.o)
 .ARM.exidx.text._ZSt10unexpectedv
                0x1400d1c4        0x0 /opt/devkitpro/devkitARM/bin/../lib/gcc/arm-none-eabi/13.2.0/../../../../arm-none-eabi/lib/armv6k/fpu/libstdc++.a(eh_terminate.o)
                                  0x8 (size before relaxing)
 .ARM.exidx.text._ZSt13get_terminatev
                0x1400d1c4        0x8 /opt/devkitpro/devkitARM/bin/../lib/gcc/arm-none-eabi/13.2.0/../../../../arm-none-eabi/lib/armv6k/fpu/libstdc++.a(eh_terminate.o)
 .ARM.exidx.text._ZSt14get_unexpectedv
                0x1400d1cc        0x0 /opt/devkitpro/devkitARM/bin/../lib/gcc/arm-none-eabi/13.2.0/../../../../arm-none-eabi/lib/armv6k/fpu/libstdc++.a(eh_terminate.o)
                                  0x8 (size before relaxing)
 .ARM.exidx.text._ZN10__cxxabiv120__si_class_type_infoD2Ev
                0x1400d1cc        0x0 /opt/devkitpro/devkitARM/bin/../lib/gcc/arm-none-eabi/13.2.0/../../../../arm-none-eabi/lib/armv6k/fpu/libstdc++.a(si_class_type_info.o)
                                  0x8 (size before relaxing)
 .ARM.exidx.text._ZN10__cxxabiv120__si_class_type_infoD0Ev
                0x1400d1cc        0x0 /opt/devkitpro/devkitARM/bin/../lib/gcc/arm-none-eabi/13.2.0/../../../../arm-none-eabi/lib/armv6k/fpu/libstdc++.a(si_class_type_info.o)
                                  0x8 (size before relaxing)
 .ARM.exidx.text._ZNK10__cxxabiv120__si_class_type_info12__do_dyncastEiNS_17__class_type_info10__sub_kindEPKS1_PKvS4_S6_RNS1_16__dyncast_resultE
                0x1400d1cc        0x0 /opt/devkitpro/devkitARM/bin/../lib/gcc/arm-none-eabi/13.2.0/../../../../arm-none-eabi/lib/armv6k/fpu/libstdc++.a(si_class_type_info.o)
                                  0x8 (size before relaxing)
 .ARM.exidx.text._ZNK10__cxxabiv120__si_class_type_info20__do_find_public_srcEiPKvPKNS_17__class_type_infoES2_
                0x1400d1cc        0x0 /opt/devkitpro/devkitARM/bin/../lib/gcc/arm-none-eabi/13.2.0/../../../../arm-none-eabi/lib/armv6k/fpu/libstdc++.a(si_class_type_info.o)
                                  0x8 (size before relaxing)
 .ARM.exidx.text._ZNK10__cxxabiv120__si_class_type_info11__do_upcastEPKNS_17__class_type_infoEPKvRNS1_15__upcast_resultE
                0x1400d1cc        0x8 /opt/devkitpro/devkitARM/bin/../lib/gcc/arm-none-eabi/13.2.0/../../../../arm-none-eabi/lib/armv6k/fpu/libstdc++.a(si_class_type_info.o)
 .ARM.exidx.text._ZNSt9type_infoD2Ev
                0x1400d1d4        0x8 /opt/devkitpro/devkitARM/bin/../lib/gcc/arm-none-eabi/13.2.0/../../../../arm-none-eabi/lib/armv6k/fpu/libstdc++.a(tinfo.o)
 .ARM.exidx.text._ZNKSt9type_info14__is_pointer_pEv
                0x1400d1dc        0x0 /opt/devkitpro/devkitARM/bin/../lib/gcc/arm-none-eabi/13.2.0/../../../../arm-none-eabi/lib/armv6k/fpu/libstdc++.a(tinfo.o)
                                  0x8 (size before relaxing)
 .ARM.exidx.text._ZNK10__cxxabiv117__class_type_info11__do_upcastEPKS0_PPv
                0x1400d1dc        0x8 /opt/devkitpro/devkitARM/bin/../lib/gcc/arm-none-eabi/13.2.0/../../../../arm-none-eabi/lib/armv6k/fpu/libstdc++.a(class_type_info.o)
 .ARM.exidx.text._ZNK10__cxxabiv117__class_type_info20__do_find_public_srcEiPKvPKS0_S2_
                0x1400d1e4        0x8 /opt/devkitpro/devkitARM/bin/../lib/gcc/arm-none-eabi/13.2.0/../../../../arm-none-eabi/lib/armv6k/fpu/libstdc++.a(class_type_info.o)
 .ARM.exidx.text._ZN10__cxxabiv117__class_type_infoD2Ev
                0x1400d1ec        0x0 /opt/devkitpro/devkitARM/bin/../lib/gcc/arm-none-eabi/13.2.0/../../../../arm-none-eabi/lib/armv6k/fpu/libstdc++.a(class_type_info.o)
                                  0x8 (size before relaxing)
 .ARM.exidx.text._ZN10__cxxabiv117__class_type_infoD0Ev
                0x1400d1ec        0x0 /opt/devkitpro/devkitARM/bin/../lib/gcc/arm-none-eabi/13.2.0/../../../../arm-none-eabi/lib/armv6k/fpu/libstdc++.a(class_type_info.o)
                                  0x8 (size before relaxing)
 .ARM.exidx.text._ZNK10__cxxabiv117__class_type_info11__do_upcastEPKS0_PKvRNS0_15__upcast_resultE
                0x1400d1ec        0x0 /opt/devkitpro/devkitARM/bin/../lib/gcc/arm-none-eabi/13.2.0/../../../../arm-none-eabi/lib/armv6k/fpu/libstdc++.a(class_type_info.o)
                                  0x8 (size before relaxing)
 .ARM.exidx.text._ZNK10__cxxabiv117__class_type_info10__do_catchEPKSt9type_infoPPvj
                0x1400d1ec        0x0 /opt/devkitpro/devkitARM/bin/../lib/gcc/arm-none-eabi/13.2.0/../../../../arm-none-eabi/lib/armv6k/fpu/libstdc++.a(class_type_info.o)
                                  0x8 (size before relaxing)
 .ARM.exidx.text._ZNK10__cxxabiv117__class_type_info12__do_dyncastEiNS0_10__sub_kindEPKS0_PKvS3_S5_RNS0_16__dyncast_resultE
                0x1400d1ec        0x0 /opt/devkitpro/devkitARM/bin/../lib/gcc/arm-none-eabi/13.2.0/../../../../arm-none-eabi/lib/armv6k/fpu/libstdc++.a(class_type_info.o)
                                  0x8 (size before relaxing)
 .ARM.exidx.text._ZdlPvj
                0x1400d1ec        0x0 /opt/devkitpro/devkitARM/bin/../lib/gcc/arm-none-eabi/13.2.0/../../../../arm-none-eabi/lib/armv6k/fpu/libstdc++.a(del_ops.o)
                                  0x8 (size before relaxing)
 .ARM.exidx.text._ZN10__cxxabiv1L24__is_gxx_exception_classEPc
                0x1400d1ec        0x0 /opt/devkitpro/devkitARM/bin/../lib/gcc/arm-none-eabi/13.2.0/../../../../arm-none-eabi/lib/armv6k/fpu/libstdc++.a(eh_call.o)
                                  0x8 (size before relaxing)
 .ARM.exidx.text.__cxa_call_terminate
                0x1400d1ec        0x0 /opt/devkitpro/devkitARM/bin/../lib/gcc/arm-none-eabi/13.2.0/../../../../arm-none-eabi/lib/armv6k/fpu/libstdc++.a(eh_call.o)
                                  0x8 (size before relaxing)
 .ARM.exidx.text.unlikely.__cxa_call_unexpected
                0x1400d1ec        0x8 /opt/devkitpro/devkitARM/bin/../lib/gcc/arm-none-eabi/13.2.0/../../../../arm-none-eabi/lib/armv6k/fpu/libstdc++.a(eh_call.o)
 .ARM.exidx.text.__cxa_begin_catch
                0x1400d1f4        0x8 /opt/devkitpro/devkitARM/bin/../lib/gcc/arm-none-eabi/13.2.0/../../../../arm-none-eabi/lib/armv6k/fpu/libstdc++.a(eh_catch.o)
 .ARM.exidx.text.__cxa_end_catch
                0x1400d1fc        0x8 /opt/devkitpro/devkitARM/bin/../lib/gcc/arm-none-eabi/13.2.0/../../../../arm-none-eabi/lib/armv6k/fpu/libstdc++.a(eh_catch.o)
 .ARM.exidx.text._ZL23__gxx_exception_cleanup19_Unwind_Reason_CodeP21_Unwind_Control_Block
                0x1400d204        0x8 /opt/devkitpro/devkitARM/bin/../lib/gcc/arm-none-eabi/13.2.0/../../../../arm-none-eabi/lib/armv6k/fpu/libstdc++.a(eh_throw.o)
 .ARM.exidx.text.__cxa_init_primary_exception
                0x1400d20c        0x8 /opt/devkitpro/devkitARM/bin/../lib/gcc/arm-none-eabi/13.2.0/../../../../arm-none-eabi/lib/armv6k/fpu/libstdc++.a(eh_throw.o)
 .ARM.exidx.text.__cxa_throw
                0x1400d214        0x8 /opt/devkitpro/devkitARM/bin/../lib/gcc/arm-none-eabi/13.2.0/../../../../arm-none-eabi/lib/armv6k/fpu/libstdc++.a(eh_throw.o)
 .ARM.exidx.text.__cxa_rethrow
                0x1400d21c        0x8 /opt/devkitpro/devkitARM/bin/../lib/gcc/arm-none-eabi/13.2.0/../../../../arm-none-eabi/lib/armv6k/fpu/libstdc++.a(eh_throw.o)
 .ARM.exidx.text._ZdlPv
                0x1400d224        0x8 /opt/devkitpro/devkitARM/bin/../lib/gcc/arm-none-eabi/13.2.0/../../../../arm-none-eabi/lib/armv6k/fpu/libstdc++.a(del_op.o)
 .ARM.exidx.text._ZNK9__gnu_cxx24__concurrence_lock_error4whatEv
                0x1400d22c        0x0 /opt/devkitpro/devkitARM/bin/../lib/gcc/arm-none-eabi/13.2.0/../../../../arm-none-eabi/lib/armv6k/fpu/libstdc++.a(eh_alloc.o)
                                  0x8 (size before relaxing)
 .ARM.exidx.text._ZNK9__gnu_cxx26__concurrence_unlock_error4whatEv